[    0.000000] Linux version 4.15.0-101-generic (buildd@lgw01-amd64-003) (gcc version 7.5.0 (Ubuntu 7.5.0-3ubuntu1~18.04)) #102-Ubuntu SMP Mon May 11 10:07:26 UTC 2020 (Ubuntu 4.15.0-101.102-generic 4.15.18)
[    0.000000] Command line: BOOT_IMAGE=/boot/vmlinuz-4.15.0-101-generic root=/dev/mapper/lubuntu--vg-root ro quiet splash
[    0.000000] KERNEL supported cpus:
[    0.000000]   Intel GenuineIntel
[    0.000000]   AMD AuthenticAMD
[    0.000000]   Centaur CentaurHauls
[    0.000000] x86/fpu: Supporting XSAVE feature 0x001: 'x87 floating point registers'
[    0.000000] x86/fpu: Supporting XSAVE feature 0x002: 'SSE registers'
[    0.000000] x86/fpu: Supporting XSAVE feature 0x004: 'AVX registers'
[    0.000000] x86/fpu: xstate_offset[2]:  576, xstate_sizes[2]:  256
[    0.000000] x86/fpu: Enabled xstate features 0x7, context size is 832 bytes, using 'standard' format.
[    0.000000] e820: BIOS-provided physical RAM map:
[    0.000000] BIOS-e820: [mem 0x0000000000000000-0x000000000009fbff] usable
[    0.000000] BIOS-e820: [mem 0x000000000009fc00-0x000000000009ffff] reserved
[    0.000000] BIOS-e820: [mem 0x00000000000f0000-0x00000000000fffff] reserved
[    0.000000] BIOS-e820: [mem 0x0000000000100000-0x00000000dffeffff] usable
[    0.000000] BIOS-e820: [mem 0x00000000dfff0000-0x00000000dfffffff] ACPI data
[    0.000000] BIOS-e820: [mem 0x00000000fec00000-0x00000000fec00fff] reserved
[    0.000000] BIOS-e820: [mem 0x00000000fee00000-0x00000000fee00fff] reserved
[    0.000000] BIOS-e820: [mem 0x00000000fffc0000-0x00000000ffffffff] reserved
[    0.000000] BIOS-e820: [mem 0x0000000100000000-0x000000017aefffff] usable
[    0.000000] NX (Execute Disable) protection: active
[    0.000000] SMBIOS 2.5 present.
[    0.000000] DMI: innotek GmbH VirtualBox/VirtualBox, BIOS VirtualBox 12/01/2006
[    0.000000] Hypervisor detected: KVM
[    0.000000] e820: update [mem 0x00000000-0x00000fff] usable ==> reserved
[    0.000000] e820: remove [mem 0x000a0000-0x000fffff] usable
[    0.000000] e820: last_pfn = 0x17af00 max_arch_pfn = 0x400000000
[    0.000000] MTRR default type: uncachable
[    0.000000] MTRR variable ranges disabled:
[    0.000000] MTRR: Disabled
[    0.000000] x86/PAT: MTRRs disabled, skipping PAT initialization too.
[    0.000000] CPU MTRRs all blank - virtualized system.
[    0.000000] x86/PAT: Configuration [0-7]: WB  WT  UC- UC  WB  WT  UC- UC  
[    0.000000] e820: last_pfn = 0xdfff0 max_arch_pfn = 0x400000000
[    0.000000] found SMP MP-table at [mem 0x0009fff0-0x0009ffff]
[    0.000000] Scanning 1 areas for low memory corruption
[    0.000000] BRK [0x141391000, 0x141391fff] PGTABLE
[    0.000000] BRK [0x141392000, 0x141392fff] PGTABLE
[    0.000000] BRK [0x141393000, 0x141393fff] PGTABLE
[    0.000000] BRK [0x141394000, 0x141394fff] PGTABLE
[    0.000000] BRK [0x141395000, 0x141395fff] PGTABLE
[    0.000000] BRK [0x141396000, 0x141396fff] PGTABLE
[    0.000000] BRK [0x141397000, 0x141397fff] PGTABLE
[    0.000000] BRK [0x141398000, 0x141398fff] PGTABLE
[    0.000000] BRK [0x141399000, 0x141399fff] PGTABLE
[    0.000000] BRK [0x14139a000, 0x14139afff] PGTABLE
[    0.000000] BRK [0x14139b000, 0x14139bfff] PGTABLE
[    0.000000] RAMDISK: [mem 0x330a5000-0x35849fff]
[    0.000000] ACPI: Early table checksum verification disabled
[    0.000000] ACPI: RSDP 0x00000000000E0000 000024 (v02 VBOX  )
[    0.000000] ACPI: XSDT 0x00000000DFFF0030 00003C (v01 VBOX   VBOXXSDT 00000001 ASL  00000061)
[    0.000000] ACPI: FACP 0x00000000DFFF00F0 0000F4 (v04 VBOX   VBOXFACP 00000001 ASL  00000061)
[    0.000000] ACPI: DSDT 0x00000000DFFF0470 002325 (v02 VBOX   VBOXBIOS 00000002 INTL 20120111)
[    0.000000] ACPI: FACS 0x00000000DFFF0200 000040
[    0.000000] ACPI: FACS 0x00000000DFFF0200 000040
[    0.000000] ACPI: APIC 0x00000000DFFF0240 00005C (v02 VBOX   VBOXAPIC 00000001 ASL  00000061)
[    0.000000] ACPI: SSDT 0x00000000DFFF02A0 0001CC (v01 VBOX   VBOXCPUT 00000002 INTL 20120111)
[    0.000000] ACPI: Local APIC address 0xfee00000
[    0.000000] No NUMA configuration found
[    0.000000] Faking a node at [mem 0x0000000000000000-0x000000017aefffff]
[    0.000000] NODE_DATA(0) allocated [mem 0x17aed5000-0x17aefffff]
[    0.000000] kvm-clock: cpu 0, msr 1:7ae54001, primary cpu clock
[    0.000000] kvm-clock: Using msrs 4b564d01 and 4b564d00
[    0.000000] kvm-clock: using sched offset of 14843898134 cycles
[    0.000000] clocksource: kvm-clock: mask: 0xffffffffffffffff max_cycles: 0x1cd42e4dffb, max_idle_ns: 881590591483 ns
[    0.000000] Zone ranges:
[    0.000000]   DMA      [mem 0x0000000000001000-0x0000000000ffffff]
[    0.000000]   DMA32    [mem 0x0000000001000000-0x00000000ffffffff]
[    0.000000]   Normal   [mem 0x0000000100000000-0x000000017aefffff]
[    0.000000]   Device   empty
[    0.000000] Movable zone start for each node
[    0.000000] Early memory node ranges
[    0.000000]   node   0: [mem 0x0000000000001000-0x000000000009efff]
[    0.000000]   node   0: [mem 0x0000000000100000-0x00000000dffeffff]
[    0.000000]   node   0: [mem 0x0000000100000000-0x000000017aefffff]
[    0.000000] Reserved but unavailable: 98 pages
[    0.000000] Initmem setup node 0 [mem 0x0000000000001000-0x000000017aefffff]
[    0.000000] On node 0 totalpages: 1420942
[    0.000000]   DMA zone: 64 pages used for memmap
[    0.000000]   DMA zone: 21 pages reserved
[    0.000000]   DMA zone: 3998 pages, LIFO batch:0
[    0.000000]   DMA32 zone: 14272 pages used for memmap
[    0.000000]   DMA32 zone: 913392 pages, LIFO batch:31
[    0.000000]   Normal zone: 7868 pages used for memmap
[    0.000000]   Normal zone: 503552 pages, LIFO batch:31
[    0.000000] ACPI: PM-Timer IO Port: 0x4008
[    0.000000] ACPI: Local APIC address 0xfee00000
[    0.000000] IOAPIC[0]: apic_id 2, version 32, address 0xfec00000, GSI 0-23
[    0.000000] ACPI: INT_SRC_OVR (bus 0 bus_irq 0 global_irq 2 dfl dfl)
[    0.000000] ACPI: INT_SRC_OVR (bus 0 bus_irq 9 global_irq 9 low level)
[    0.000000] ACPI: IRQ0 used by override.
[    0.000000] ACPI: IRQ9 used by override.
[    0.000000] Using ACPI (MADT) for SMP configuration information
[    0.000000] smpboot: Allowing 2 CPUs, 0 hotplug CPUs
[    0.000000] PM: Registered nosave memory: [mem 0x00000000-0x00000fff]
[    0.000000] PM: Registered nosave memory: [mem 0x0009f000-0x0009ffff]
[    0.000000] PM: Registered nosave memory: [mem 0x000a0000-0x000effff]
[    0.000000] PM: Registered nosave memory: [mem 0x000f0000-0x000fffff]
[    0.000000] PM: Registered nosave memory: [mem 0xdfff0000-0xdfffffff]
[    0.000000] PM: Registered nosave memory: [mem 0xe0000000-0xfebfffff]
[    0.000000] PM: Registered nosave memory: [mem 0xfec00000-0xfec00fff]
[    0.000000] PM: Registered nosave memory: [mem 0xfec01000-0xfedfffff]
[    0.000000] PM: Registered nosave memory: [mem 0xfee00000-0xfee00fff]
[    0.000000] PM: Registered nosave memory: [mem 0xfee01000-0xfffbffff]
[    0.000000] PM: Registered nosave memory: [mem 0xfffc0000-0xffffffff]
[    0.000000] e820: [mem 0xe0000000-0xfebfffff] available for PCI devices
[    0.000000] Booting paravirtualized kernel on KVM
[    0.000000] clocksource: refined-jiffies: mask: 0xffffffff max_cycles: 0xffffffff, max_idle_ns: 7645519600211568 ns
[    0.000000] random: get_random_bytes called from start_kernel+0x99/0x4fd with crng_init=0
[    0.000000] setup_percpu: NR_CPUS:8192 nr_cpumask_bits:2 nr_cpu_ids:2 nr_node_ids:1
[    0.000000] percpu: Embedded 45 pages/cpu s147456 r8192 d28672 u1048576
[    0.000000] pcpu-alloc: s147456 r8192 d28672 u1048576 alloc=1*2097152
[    0.000000] pcpu-alloc: [0] 0 1 
[    0.000000] PV qspinlock hash table entries: 256 (order: 0, 4096 bytes)
[    0.000000] Built 1 zonelists, mobility grouping on.  Total pages: 1398717
[    0.000000] Policy zone: Normal
[    0.000000] Kernel command line: BOOT_IMAGE=/boot/vmlinuz-4.15.0-101-generic root=/dev/mapper/lubuntu--vg-root ro quiet splash
[    0.000000] Calgary: detecting Calgary via BIOS EBDA area
[    0.000000] Calgary: Unable to locate Rio Grande table in EBDA - bailing!
[    0.000000] Memory: 5457640K/5683768K available (12300K kernel code, 2481K rwdata, 4268K rodata, 2432K init, 2712K bss, 226128K reserved, 0K cma-reserved)
[    0.000000] SLUB: HWalign=64, Order=0-3, MinObjects=0, CPUs=2, Nodes=1
[    0.000000] Kernel/User page tables isolation: enabled
[    0.000000] ftrace: allocating 39364 entries in 154 pages
[    0.004000] Hierarchical RCU implementation.
[    0.004000] 	RCU restricting CPUs from NR_CPUS=8192 to nr_cpu_ids=2.
[    0.004000] 	Tasks RCU enabled.
[    0.004000] RCU: Adjusting geometry for rcu_fanout_leaf=16, nr_cpu_ids=2
[    0.004000] NR_IRQS: 524544, nr_irqs: 440, preallocated irqs: 16
[    0.004000] Console: colour VGA+ 80x25
[    0.004000] console [tty0] enabled
[    0.004000] ACPI: Core revision 20170831
[    0.004000] ACPI: 2 ACPI AML tables successfully acquired and loaded
[    0.004000] APIC: Switch to symmetric I/O mode setup
[    0.004000] x2apic enabled
[    0.004000] Switched APIC routing to physical x2apic.
[    0.004000] ..TIMER: vector=0x30 apic1=0 pin1=2 apic2=-1 pin2=-1
[    0.004000] tsc: Detected 1599.999 MHz processor
[    0.004000] Calibrating delay loop (skipped) preset value.. 3199.99 BogoMIPS (lpj=6399996)
[    0.004000] pid_max: default: 32768 minimum: 301
[    0.004000] Security Framework initialized
[    0.004000] Yama: becoming mindful.
[    0.004000] AppArmor: AppArmor initialized
[    0.004414] Dentry cache hash table entries: 1048576 (order: 11, 8388608 bytes)
[    0.005825] Inode-cache hash table entries: 524288 (order: 10, 4194304 bytes)
[    0.005855] Mount-cache hash table entries: 16384 (order: 5, 131072 bytes)
[    0.005870] Mountpoint-cache hash table entries: 16384 (order: 5, 131072 bytes)
[    0.006166] Last level iTLB entries: 4KB 64, 2MB 8, 4MB 8
[    0.006167] Last level dTLB entries: 4KB 64, 2MB 0, 4MB 0, 1GB 4
[    0.006168] Spectre V1 : Mitigation: usercopy/swapgs barriers and __user pointer sanitization
[    0.006170] Spectre V2 : Mitigation: Full generic retpoline
[    0.006170] Spectre V2 : Spectre v2 / SpectreRSB mitigation: Filling RSB on context switch
[    0.006171] Speculative Store Bypass: Vulnerable
[    0.006218] MDS: Mitigation: Clear CPU buffers
[    0.006378] Freeing SMP alternatives memory: 36K
[    0.116864] smpboot: CPU0: Intel(R) Core(TM) i5-5250U CPU @ 1.60GHz (family: 0x6, model: 0x3d, stepping: 0x4)
[    0.116960] Performance Events: unsupported p6 CPU model 61 no PMU driver, software events only.
[    0.116994] Hierarchical SRCU implementation.
[    0.117761] NMI watchdog: Perf event create on CPU 0 failed with -2
[    0.117762] NMI watchdog: Perf NMI watchdog permanently disabled
[    0.118346] smp: Bringing up secondary CPUs ...
[    0.118443] x86: Booting SMP configuration:
[    0.118445] .... node  #0, CPUs:      #1
[    0.004000] kvm-clock: cpu 1, msr 1:7ae54041, secondary cpu clock
[    0.120040] smp: Brought up 1 node, 2 CPUs
[    0.120040] smpboot: Max logical packages: 1
[    0.120040] smpboot: Total of 2 processors activated (6399.99 BogoMIPS)
[    0.120347] devtmpfs: initialized
[    0.120347] x86/mm: Memory block size: 128MB
[    0.120692] evm: security.selinux
[    0.120693] evm: security.SMACK64
[    0.120694] evm: security.SMACK64EXEC
[    0.120694] evm: security.SMACK64TRANSMUTE
[    0.120695] evm: security.SMACK64MMAP
[    0.120695] evm: security.apparmor
[    0.120696] evm: security.ima
[    0.120697] evm: security.capability
[    0.120750] clocksource: jiffies: mask: 0xffffffff max_cycles: 0xffffffff, max_idle_ns: 7645041785100000 ns
[    0.120750] futex hash table entries: 512 (order: 3, 32768 bytes)
[    0.120750] pinctrl core: initialized pinctrl subsystem
[    0.120750] RTC time: 19:23:33, date: 12/21/20
[    0.120750] NET: Registered protocol family 16
[    0.120750] audit: initializing netlink subsys (disabled)
[    0.120750] audit: type=2000 audit(1608578630.561:1): state=initialized audit_enabled=0 res=1
[    0.120750] cpuidle: using governor ladder
[    0.120750] cpuidle: using governor menu
[    0.120750] ACPI: bus type PCI registered
[    0.120750] acpiphp: ACPI Hot Plug PCI Controller Driver version: 0.5
[    0.120750] PCI: Using configuration type 1 for base access
[    0.125038] HugeTLB registered 2.00 MiB page size, pre-allocated 0 pages
[    0.125038] ACPI: Added _OSI(Module Device)
[    0.125038] ACPI: Added _OSI(Processor Device)
[    0.125038] ACPI: Added _OSI(3.0 _SCP Extensions)
[    0.125038] ACPI: Added _OSI(Processor Aggregator Device)
[    0.125038] ACPI: Added _OSI(Linux-Dell-Video)
[    0.125038] ACPI: Added _OSI(Linux-Lenovo-NV-HDMI-Audio)
[    0.125038] ACPI: Added _OSI(Linux-HPI-Hybrid-Graphics)
[    0.125038] ACPI: Executed 1 blocks of module-level executable AML code
[    0.130868] ACPI: Interpreter enabled
[    0.130878] ACPI: (supports S0 S5)
[    0.130879] ACPI: Using IOAPIC for interrupt routing
[    0.131126] PCI: Using host bridge windows from ACPI; if necessary, use "pci=nocrs" and report a bug
[    0.131363] ACPI: Enabled 2 GPEs in block 00 to 07
[    0.140940] ACPI: PCI Root Bridge [PCI0] (domain 0000 [bus 00-ff])
[    0.140945] acpi PNP0A03:00: _OSC: OS supports [ASPM ClockPM Segments MSI]
[    0.141434] acpi PNP0A03:00: _OSC: not requesting OS control; OS requires [ExtendedConfig ASPM ClockPM MSI]
[    0.141443] acpi PNP0A03:00: fail to add MMCONFIG information, can't access extended PCI configuration space under this bridge.
[    0.142027] PCI host bridge to bus 0000:00
[    0.142029] pci_bus 0000:00: root bus resource [io  0x0000-0x0cf7 window]
[    0.142030] pci_bus 0000:00: root bus resource [io  0x0d00-0xffff window]
[    0.142031] pci_bus 0000:00: root bus resource [mem 0x000a0000-0x000bffff window]
[    0.142032] pci_bus 0000:00: root bus resource [mem 0xe0000000-0xfdffffff window]
[    0.142034] pci_bus 0000:00: root bus resource [bus 00-ff]
[    0.142100] pci 0000:00:00.0: [8086:1237] type 00 class 0x060000
[    0.143358] pci 0000:00:01.0: [8086:7000] type 00 class 0x060100
[    0.144585] pci 0000:00:01.1: [8086:7111] type 00 class 0x01018a
[    0.145303] pci 0000:00:01.1: reg 0x20: [io  0xd000-0xd00f]
[    0.145674] pci 0000:00:01.1: legacy IDE quirk: reg 0x10: [io  0x01f0-0x01f7]
[    0.145675] pci 0000:00:01.1: legacy IDE quirk: reg 0x14: [io  0x03f6]
[    0.145676] pci 0000:00:01.1: legacy IDE quirk: reg 0x18: [io  0x0170-0x0177]
[    0.145677] pci 0000:00:01.1: legacy IDE quirk: reg 0x1c: [io  0x0376]
[    0.146273] pci 0000:00:02.0: [15ad:0405] type 00 class 0x030000
[    0.148981] pci 0000:00:02.0: reg 0x10: [io  0xd010-0xd01f]
[    0.153564] pci 0000:00:02.0: reg 0x14: [mem 0xe0000000-0xe3ffffff pref]
[    0.157565] pci 0000:00:02.0: reg 0x18: [mem 0xf0000000-0xf01fffff]
[    0.180095] pci 0000:00:03.0: [8086:100e] type 00 class 0x020000
[    0.183373] pci 0000:00:03.0: reg 0x10: [mem 0xf0200000-0xf021ffff]
[    0.188240] pci 0000:00:03.0: reg 0x18: [io  0xd020-0xd027]
[    0.204671] pci 0000:00:04.0: [80ee:cafe] type 00 class 0x088000
[    0.208000] pci 0000:00:04.0: reg 0x10: [io  0xd040-0xd05f]
[    0.211186] pci 0000:00:04.0: reg 0x14: [mem 0xf0400000-0xf07fffff]
[    0.212252] pci 0000:00:04.0: reg 0x18: [mem 0xf0800000-0xf0803fff pref]
[    0.229133] pci 0000:00:05.0: [8086:2415] type 00 class 0x040100
[    0.229345] pci 0000:00:05.0: reg 0x10: [io  0xd100-0xd1ff]
[    0.229451] pci 0000:00:05.0: reg 0x14: [io  0xd200-0xd23f]
[    0.230377] pci 0000:00:06.0: [106b:003f] type 00 class 0x0c0310
[    0.232201] pci 0000:00:06.0: reg 0x10: [mem 0xf0804000-0xf0804fff]
[    0.253084] pci 0000:00:07.0: [8086:7113] type 00 class 0x068000
[    0.253755] pci 0000:00:07.0: quirk: [io  0x4000-0x403f] claimed by PIIX4 ACPI
[    0.256014] pci 0000:00:07.0: quirk: [io  0x4100-0x410f] claimed by PIIX4 SMB
[    0.256616] pci 0000:00:0d.0: [8086:2829] type 00 class 0x010601
[    0.259954] pci 0000:00:0d.0: reg 0x10: [io  0xd240-0xd247]
[    0.260190] pci 0000:00:0d.0: reg 0x14: [io  0xd248-0xd24b]
[    0.264238] pci 0000:00:0d.0: reg 0x18: [io  0xd250-0xd257]
[    0.268398] pci 0000:00:0d.0: reg 0x1c: [io  0xd258-0xd25b]
[    0.272236] pci 0000:00:0d.0: reg 0x20: [io  0xd260-0xd26f]
[    0.276219] pci 0000:00:0d.0: reg 0x24: [mem 0xf0806000-0xf0807fff]
[    0.283139] ACPI: PCI Interrupt Link [LNKA] (IRQs 5 9 10 *11)
[    0.283490] ACPI: PCI Interrupt Link [LNKB] (IRQs 5 9 *10 11)
[    0.284130] ACPI: PCI Interrupt Link [LNKC] (IRQs 5 *9 10 11)
[    0.284275] ACPI: PCI Interrupt Link [LNKD] (IRQs 5 9 10 *11)
[    0.285255] SCSI subsystem initialized
[    0.285327] libata version 3.00 loaded.
[    0.285327] pci 0000:00:02.0: vgaarb: setting as boot VGA device
[    0.285327] pci 0000:00:02.0: vgaarb: VGA device added: decodes=io+mem,owns=io+mem,locks=none
[    0.285327] pci 0000:00:02.0: vgaarb: bridge control possible
[    0.285327] vgaarb: loaded
[    0.285327] ACPI: bus type USB registered
[    0.285327] usbcore: registered new interface driver usbfs
[    0.285327] usbcore: registered new interface driver hub
[    0.285327] usbcore: registered new device driver usb
[    0.285327] EDAC MC: Ver: 3.0.0
[    0.285327] PCI: Using ACPI for IRQ routing
[    0.285327] PCI: pci_cache_line_size set to 64 bytes
[    0.285327] e820: reserve RAM buffer [mem 0x0009fc00-0x0009ffff]
[    0.285327] e820: reserve RAM buffer [mem 0xdfff0000-0xdfffffff]
[    0.285327] e820: reserve RAM buffer [mem 0x17af00000-0x17bffffff]
[    0.285327] NetLabel: Initializing
[    0.285327] NetLabel:  domain hash size = 128
[    0.285327] NetLabel:  protocols = UNLABELED CIPSOv4 CALIPSO
[    0.285327] NetLabel:  unlabeled traffic allowed by default
[    0.288796] clocksource: Switched to clocksource kvm-clock
[    0.301297] VFS: Disk quotas dquot_6.6.0
[    0.301315] VFS: Dquot-cache hash table entries: 512 (order 0, 4096 bytes)
[    0.301434] AppArmor: AppArmor Filesystem Enabled
[    0.301468] pnp: PnP ACPI init
[    0.301549] pnp 00:00: Plug and Play ACPI device, IDs PNP0303 (active)
[    0.301647] pnp 00:01: Plug and Play ACPI device, IDs PNP0f03 (active)
[    0.303026] pnp: PnP ACPI: found 2 devices
[    0.315732] clocksource: acpi_pm: mask: 0xffffff max_cycles: 0xffffff, max_idle_ns: 2085701024 ns
[    0.315752] pci_bus 0000:00: resource 4 [io  0x0000-0x0cf7 window]
[    0.315754] pci_bus 0000:00: resource 5 [io  0x0d00-0xffff window]
[    0.315755] pci_bus 0000:00: resource 6 [mem 0x000a0000-0x000bffff window]
[    0.315757] pci_bus 0000:00: resource 7 [mem 0xe0000000-0xfdffffff window]
[    0.315815] NET: Registered protocol family 2
[    0.316024] TCP established hash table entries: 65536 (order: 7, 524288 bytes)
[    0.316209] TCP bind hash table entries: 65536 (order: 8, 1048576 bytes)
[    0.316792] TCP: Hash tables configured (established 65536 bind 65536)
[    0.316834] UDP hash table entries: 4096 (order: 5, 131072 bytes)
[    0.316853] UDP-Lite hash table entries: 4096 (order: 5, 131072 bytes)
[    0.316904] NET: Registered protocol family 1
[    0.316915] pci 0000:00:00.0: Limiting direct PCI/PCI transfers
[    0.316963] pci 0000:00:01.0: Activating ISA DMA hang workarounds
[    0.317045] pci 0000:00:02.0: Video device with shadowed ROM at [mem 0x000c0000-0x000dffff]
[    0.318910] PCI: CLS 0 bytes, default 64
[    0.318949] Unpacking initramfs...
[    0.921218] Freeing initrd memory: 40596K
[    0.921263] PCI-DMA: Using software bounce buffering for IO (SWIOTLB)
[    0.921265] software IO TLB: mapped [mem 0xdbff0000-0xdfff0000] (64MB)
[    0.921323] clocksource: tsc: mask: 0xffffffffffffffff max_cycles: 0x171023f09ff, max_idle_ns: 440795233615 ns
[    0.921365] platform rtc_cmos: registered platform RTC device (no PNP device found)
[    0.921383] Scanning for low memory corruption every 60 seconds
[    0.922378] Initialise system trusted keyrings
[    0.922389] Key type blacklist registered
[    0.922544] workingset: timestamp_bits=36 max_order=21 bucket_order=0
[    0.923913] zbud: loaded
[    0.924653] squashfs: version 4.0 (2009/01/31) Phillip Lougher
[    0.925041] fuse init (API version 7.26)
[    0.930936] Key type asymmetric registered
[    0.930937] Asymmetric key parser 'x509' registered
[    0.930988] Block layer SCSI generic (bsg) driver version 0.4 loaded (major 246)
[    0.931020] io scheduler noop registered
[    0.931021] io scheduler deadline registered
[    0.931046] io scheduler cfq registered (default)
[    0.931242] intel_idle: Please enable MWAIT in BIOS SETUP
[    0.931761] ACPI: AC Adapter [AC] (on-line)
[    0.931870] input: Power Button as /devices/LNXSYSTM:00/LNXPWRBN:00/input/input0
[    0.931989] ACPI: Power Button [PWRF]
[    0.932521] input: Sleep Button as /devices/LNXSYSTM:00/LNXSLPBN:00/input/input1
[    0.932529] ACPI: Sleep Button [SLPF]
[    0.934369] ACPI: Battery Slot [BAT0] (battery present)
[    0.934403] Serial: 8250/16550 driver, 32 ports, IRQ sharing enabled
[    0.940395] Linux agpgart interface v0.103
[    0.942280] loop: module loaded
[    0.942390] ata_piix 0000:00:01.1: version 2.13
[    0.942943] scsi host0: ata_piix
[    0.943090] scsi host1: ata_piix
[    0.943121] ata1: PATA max UDMA/33 cmd 0x1f0 ctl 0x3f6 bmdma 0xd000 irq 14
[    0.943122] ata2: PATA max UDMA/33 cmd 0x170 ctl 0x376 bmdma 0xd008 irq 15
[    0.943200] libphy: Fixed MDIO Bus: probed
[    0.943201] tun: Universal TUN/TAP device driver, 1.6
[    0.943691] PPP generic driver version 2.4.2
[    0.944263] ehci_hcd: USB 2.0 'Enhanced' Host Controller (EHCI) Driver
[    0.944267] ehci-pci: EHCI PCI platform driver
[    0.944280] ehci-platform: EHCI generic platform driver
[    0.944287] ohci_hcd: USB 1.1 'Open' Host Controller (OHCI) Driver
[    0.944289] ohci-pci: OHCI PCI platform driver
[    0.945928] ohci-pci 0000:00:06.0: OHCI PCI host controller
[    0.945934] ohci-pci 0000:00:06.0: new USB bus registered, assigned bus number 1
[    0.946020] ohci-pci 0000:00:06.0: irq 22, io mem 0xf0804000
[    1.025619] usb usb1: New USB device found, idVendor=1d6b, idProduct=0001
[    1.025622] usb usb1: New USB device strings: Mfr=3, Product=2, SerialNumber=1
[    1.025623] usb usb1: Product: OHCI PCI host controller
[    1.025625] usb usb1: Manufacturer: Linux 4.15.0-101-generic ohci_hcd
[    1.025626] usb usb1: SerialNumber: 0000:00:06.0
[    1.025944] hub 1-0:1.0: USB hub found
[    1.025959] hub 1-0:1.0: 12 ports detected
[    1.026434] ohci-platform: OHCI generic platform driver
[    1.026448] uhci_hcd: USB Universal Host Controller Interface driver
[    1.026500] i8042: PNP: PS/2 Controller [PNP0303:PS2K,PNP0f03:PS2M] at 0x60,0x64 irq 1,12
[    1.027123] serio: i8042 KBD port at 0x60,0x64 irq 1
[    1.027156] serio: i8042 AUX port at 0x60,0x64 irq 12
[    1.027563] mousedev: PS/2 mouse device common for all mice
[    1.028415] input: AT Translated Set 2 keyboard as /devices/platform/i8042/serio0/input/input2
[    1.029204] rtc_cmos rtc_cmos: rtc core: registered rtc_cmos as rtc0
[    1.029278] rtc_cmos rtc_cmos: alarms up to one day, 114 bytes nvram
[    1.029286] i2c /dev entries driver
[    1.029343] device-mapper: uevent: version 1.0.3
[    1.029515] device-mapper: ioctl: 4.37.0-ioctl (2017-09-20) initialised: dm-devel@redhat.com
[    1.029685] ledtrig-cpu: registered to indicate activity on CPUs
[    1.030259] NET: Registered protocol family 10
[    1.036671] Segment Routing with IPv6
[    1.036699] NET: Registered protocol family 17
[    1.036891] Key type dns_resolver registered
[    1.037278] mce: Using 0 MCE banks
[    1.037302] RAS: Correctable Errors collector initialized.
[    1.037320] sched_clock: Marking stable (1037239964, 0)->(1156735106, -119495142)
[    1.038511] registered taskstats version 1
[    1.038521] Loading compiled-in X.509 certificates
[    1.042128] Loaded X.509 cert 'Build time autogenerated kernel key: 81757e40860ca54b8a45e323b66799c03c91a344'
[    1.042164] zswap: loaded using pool lzo/zbud
[    1.048269] Key type big_key registered
[    1.048273] Key type trusted registered
[    1.050695] Key type encrypted registered
[    1.050708] AppArmor: AppArmor sha1 policy hashing enabled
[    1.050717] ima: No TPM chip found, activating TPM-bypass! (rc=-19)
[    1.050726] ima: Allocated hash algorithm: sha1
[    1.050740] evm: HMAC attrs: 0x1
[    1.051379]   Magic number: 0:455:395
[    1.051413] pci 0000:00:07.0: hash matches
[    1.051571] rtc_cmos rtc_cmos: setting system clock to 2020-12-21 19:23:33 UTC (1608578613)
[    1.051731] BIOS EDD facility v0.16 2004-Jun-25, 0 devices found
[    1.051732] EDD information not available.
[    1.113703] ata2.00: ATAPI: VBOX CD-ROM, 1.0, max UDMA/133
[    1.114128] ata2.00: configured for UDMA/33
[    1.114608] scsi 1:0:0:0: CD-ROM            VBOX     CD-ROM           1.0  PQ: 0 ANSI: 5
[    1.115474] sr 1:0:0:0: [sr0] scsi3-mmc drive: 32x/32x xa/form2 tray
[    1.115475] cdrom: Uniform CD-ROM driver Revision: 3.20
[    1.115815] sr 1:0:0:0: Attached scsi CD-ROM sr0
[    1.115867] sr 1:0:0:0: Attached scsi generic sg0 type 5
[    1.118651] Freeing unused kernel image memory: 2432K
[    2.073059] Write protecting the kernel read-only data: 20480k
[    2.074379] Freeing unused kernel image memory: 2008K
[    2.075067] Freeing unused kernel image memory: 1876K
[    2.083561] x86/mm: Checked W+X mappings: passed, no W+X pages found.
[    2.083563] x86/mm: Checking user space page tables
[    2.091013] x86/mm: Checked W+X mappings: passed, no W+X pages found.
[    2.194206] piix4_smbus 0000:00:07.0: SMBus Host Controller at 0x4100, revision 0
[    2.218558] e1000: Intel(R) PRO/1000 Network Driver - version 7.3.21-k8-NAPI
[    2.218559] e1000: Copyright (c) 1999-2006 Intel Corporation.
[    2.260077] usb 1-1: new full-speed USB device number 2 using ohci-pci
[    2.434135] input: ImExPS/2 Generic Explorer Mouse as /devices/platform/i8042/serio1/input/input4
[    2.576811] usb 1-1: New USB device found, idVendor=80ee, idProduct=0021
[    2.576813] usb 1-1: New USB device strings: Mfr=1, Product=3, SerialNumber=0
[    2.576814] usb 1-1: Product: USB Tablet
[    2.576815] usb 1-1: Manufacturer: VirtualBox
[    2.586475] hidraw: raw HID events driver (C) Jiri Kosina
[    2.597773] usbcore: registered new interface driver usbhid
[    2.597774] usbhid: USB HID core driver
[    2.600191] input: VirtualBox USB Tablet as /devices/pci0000:00/0000:00:06.0/usb1/1-1/1-1:1.0/0003:80EE:0021.0001/input/input5
[    2.600407] hid-generic 0003:80EE:0021.0001: input,hidraw0: USB HID v1.10 Mouse [VirtualBox USB Tablet] on usb-0000:00:06.0-1/input0
[    2.679743] e1000 0000:00:03.0 eth0: (PCI:33MHz:32-bit) 08:00:27:cb:06:38
[    2.679752] e1000 0000:00:03.0 eth0: Intel(R) PRO/1000 Network Connection
[    2.680074] ahci 0000:00:0d.0: version 3.0
[    2.681461] ahci 0000:00:0d.0: SSS flag set, parallel bus scan disabled
[    2.681801] ahci 0000:00:0d.0: AHCI 0001.0100 32 slots 1 ports 3 Gbps 0x1 impl SATA mode
[    2.681803] ahci 0000:00:0d.0: flags: 64bit ncq stag only ccc 
[    2.682123] e1000 0000:00:03.0 enp0s3: renamed from eth0
[    2.682481] scsi host2: ahci
[    2.682574] ata3: SATA max UDMA/133 abar m8192@0xf0806000 port 0xf0806100 irq 21
[    2.996820] ata3: SATA link up 3.0 Gbps (SStatus 123 SControl 300)
[    2.997075] ata3.00: ATA-6: VBOX HARDDISK, 1.0, max UDMA/133
[    2.997077] ata3.00: 104857600 sectors, multi 128: LBA48 NCQ (depth 31/32)
[    2.997227] random: fast init done
[    2.997534] ata3.00: configured for UDMA/133
[    2.997768] scsi 2:0:0:0: Direct-Access     ATA      VBOX HARDDISK    1.0  PQ: 0 ANSI: 5
[    2.997977] sd 2:0:0:0: Attached scsi generic sg1 type 0
[    2.998064] random: systemd-udevd: uninitialized urandom read (16 bytes read)
[    2.998084] random: systemd-udevd: uninitialized urandom read (16 bytes read)
[    2.998089] random: systemd-udevd: uninitialized urandom read (16 bytes read)
[    2.998092] sd 2:0:0:0: [sda] 104857600 512-byte logical blocks: (53.7 GB/50.0 GiB)
[    2.998102] sd 2:0:0:0: [sda] Write Protect is off
[    2.998103] sd 2:0:0:0: [sda] Mode Sense: 00 3a 00 00
[    2.998116] sd 2:0:0:0: [sda] Write cache: enabled, read cache: enabled, doesn't support DPO or FUA
[    3.000215]  sda: sda1
[    3.000642] sd 2:0:0:0: [sda] Attached SCSI disk
[    3.316367] EXT4-fs (dm-0): mounted filesystem with ordered data mode. Opts: (null)
[    3.620248] ip_tables: (C) 2000-2006 Netfilter Core Team
[    3.637913] systemd[1]: systemd 237 running in system mode. (+PAM +AUDIT +SELINUX +IMA +APPARMOR +SMACK +SYSVINIT +UTMP +LIBCRYPTSETUP +GCRYPT +GNUTLS +ACL +XZ +LZ4 +SECCOMP +BLKID +ELFUTILS +KMOD -IDN2 +IDN -PCRE2 default-hierarchy=hybrid)
[    3.637949] systemd[1]: Detected virtualization oracle.
[    3.637954] systemd[1]: Detected architecture x86-64.
[    5.148773] systemd[1]: Set hostname to <km-VirtualBox>.
[    5.680540] systemd[1]: Created slice System Slice.
[    5.680741] systemd[1]: Listening on Journal Socket.
[    5.681614] systemd[1]: Starting Set the console keyboard layout...
[    5.682625] systemd[1]: Starting Create list of required static device nodes for the current kernel...
[    5.682858] systemd[1]: Listening on LVM2 poll daemon socket.
[    5.685349] systemd[1]: Mounting POSIX Message Queue File System...
[    5.751967] EXT4-fs (dm-0): re-mounted. Opts: errors=remount-ro
[    5.811951] lp: driver loaded but no devices found
[    5.840433] ppdev: user-space parallel port driver
[    5.873483] systemd-journald[252]: Received request to flush runtime journal from PID 1
[    6.834317] ACPI: Video Device [GFX0] (multi-head: yes  rom: no  post: no)
[    6.834393] input: Video Bus as /devices/LNXSYSTM:00/LNXSYBUS:00/PNP0A03:00/LNXVIDEO:00/input/input6
[    6.907591] vboxguest: loading out-of-tree module taints kernel.
[    6.907794] vboxguest: module verification failed: signature and/or required key missing - tainting kernel
[    6.914748] vgdrvHeartbeatInit: Setting up heartbeat to trigger every 2000 milliseconds
[    6.915030] input: Unspecified device as /devices/pci0000:00/0000:00:04.0/input/input7
[    6.920039] vboxguest: misc device minor 56, IRQ 20, I/O port d040, MMIO at 00000000f0400000 (size 0x400000)
[    6.920071] vboxguest: Successfully loaded version 6.0.20 (interface 0x00010004)
[    7.052631] RAPL PMU: API unit is 2^-32 Joules, 4 fixed counters, 10737418240 ms ovfl timer
[    7.052632] RAPL PMU: hw unit of domain pp0-core 2^-0 Joules
[    7.052633] RAPL PMU: hw unit of domain package 2^-0 Joules
[    7.052634] RAPL PMU: hw unit of domain dram 2^-0 Joules
[    7.052634] RAPL PMU: hw unit of domain pp1-gpu 2^-0 Joules
[    7.215756] audit: type=1400 audit(1608578619.660:2): apparmor="STATUS" operation="profile_load" profile="unconfined" name="/sbin/dhclient" pid=377 comm="apparmor_parser"
[    7.215761] audit: type=1400 audit(1608578619.660:3): apparmor="STATUS" operation="profile_load" profile="unconfined" name="/usr/lib/NetworkManager/nm-dhcp-client.action" pid=377 comm="apparmor_parser"
[    7.215763] audit: type=1400 audit(1608578619.660:4): apparmor="STATUS" operation="profile_load" profile="unconfined" name="/usr/lib/NetworkManager/nm-dhcp-helper" pid=377 comm="apparmor_parser"
[    7.215765] audit: type=1400 audit(1608578619.660:5): apparmor="STATUS" operation="profile_load" profile="unconfined" name="/usr/lib/connman/scripts/dhclient-script" pid=377 comm="apparmor_parser"
[    7.226248] audit: type=1400 audit(1608578619.672:6): apparmor="STATUS" operation="profile_load" profile="unconfined" name="/usr/lib/lightdm/lightdm-guest-session" pid=376 comm="apparmor_parser"
[    7.226252] audit: type=1400 audit(1608578619.672:7): apparmor="STATUS" operation="profile_load" profile="unconfined" name="/usr/lib/lightdm/lightdm-guest-session//chromium" pid=376 comm="apparmor_parser"
[    7.236973] audit: type=1400 audit(1608578619.684:8): apparmor="STATUS" operation="profile_load" profile="unconfined" name="/usr/bin/man" pid=384 comm="apparmor_parser"
[    7.236978] audit: type=1400 audit(1608578619.684:9): apparmor="STATUS" operation="profile_load" profile="unconfined" name="man_filter" pid=384 comm="apparmor_parser"
[    7.236981] audit: type=1400 audit(1608578619.684:10): apparmor="STATUS" operation="profile_load" profile="unconfined" name="man_groff" pid=384 comm="apparmor_parser"
[    7.263235] AVX2 version of gcm_enc/dec engaged.
[    7.263236] AES CTR mode by8 optimization enabled
[    7.292702] random: crng init done
[    7.292705] random: 7 urandom warning(s) missed due to ratelimiting
[    7.309169] audit: type=1400 audit(1608578619.756:11): apparmor="STATUS" operation="profile_load" profile="unconfined" name="/usr/lib/cups/backend/cups-pdf" pid=393 comm="apparmor_parser"
[    7.418325] Adding 1003516k swap on /dev/mapper/lubuntu--vg-swap_1.  Priority:-2 extents:1 across:1003516k FS
[    9.033630] snd_intel8x0 0000:00:05.0: white list rate for 1028:0177 is 48000
[    9.036605] [drm] DMA map mode: Using physical TTM page addresses.
[    9.036663] [drm] Capabilities:
[    9.036663] [drm]   Cursor.
[    9.036664] [drm]   Cursor bypass 2.
[    9.036664] [drm]   Alpha cursor.
[    9.036665] [drm]   3D.
[    9.036665] [drm]   Extended Fifo.
[    9.036666] [drm]   Pitchlock.
[    9.036666] [drm]   Irq mask.
[    9.036667] [drm]   GMR.
[    9.036667] [drm]   Traces.
[    9.036668] [drm]   GMR2.
[    9.036668] [drm]   Screen Object 2.
[    9.036669] [drm] Max GMR ids is 8192
[    9.036670] [drm] Max number of GMR pages is 1048576
[    9.036670] [drm] Max dedicated hypervisor surface memory is 462848 kiB
[    9.036671] [drm] Maximum display memory size is 61440 kiB
[    9.036672] [drm] VRAM at 0xe0000000 size is 61440 kiB
[    9.036673] [drm] MMIO at 0xf0000000 size is 2048 kiB
[    9.036675] [drm] global init.
[    9.037727] [TTM] Zone  kernel: Available graphics memory: 2752294 kiB
[    9.037729] [TTM] Zone   dma32: Available graphics memory: 2097152 kiB
[    9.037730] [TTM] Initializing pool allocator
[    9.037735] [TTM] Initializing DMA pool allocator
[    9.037996] [drm] Supports vblank timestamp caching Rev 2 (21.10.2013).
[    9.037997] [drm] No driver support for vblank timestamp query.
[    9.038355] [drm] Screen Objects Display Unit initialized
[    9.040833] [drm] width 720
[    9.040856] [drm] height 400
[    9.040873] [drm] bpp 32
[    9.041249] [drm] Fifo max 0x00200000 min 0x00001000 cap 0x00000355
[    9.041267] [drm] DX: no.
[    9.041350] [drm] Atomic: yes
[    9.041372] [drm:vmw_host_log [vmwgfx]] *ERROR* Failed to send log
[    9.050688] [drm:vmw_host_log [vmwgfx]] *ERROR* Failed to send log
[    9.070293] fbcon: svgadrmfb (fb0) is primary device
[    9.073660] Console: switching to colour frame buffer device 100x37
[    9.076061] [drm] Initialized vmwgfx 2.14.0 20170612 for 0000:00:02.0 on minor 0
[   10.383520] IPv6: ADDRCONF(NETDEV_UP): enp0s3: link is not ready
[   10.386054] IPv6: ADDRCONF(NETDEV_UP): enp0s3: link is not ready
[   10.392871] e1000: enp0s3 NIC Link is Up 1000 Mbps Full Duplex, Flow Control: RX
[   10.393193] IPv6: ADDRCONF(NETDEV_CHANGE): enp0s3: link becomes ready
[   22.965478] 19:23:55.413857 main     VBoxService 6.0.20 r137117 (verbosity: 0) linux.amd64 (Apr  9 2020 17:56:22) release log
               19:23:55.413862 main     Log opened 2020-12-21T19:23:55.413755000Z
[   22.965608] 19:23:55.414062 main     OS Product: Linux
[   22.965765] 19:23:55.414146 main     OS Release: 4.15.0-101-generic
[   22.965882] 19:23:55.414314 main     OS Version: #102-Ubuntu SMP Mon May 11 10:07:26 UTC 2020
[   22.965995] 19:23:55.414422 main     Executable: /opt/VBoxGuestAdditions-6.0.20/sbin/VBoxService
               19:23:55.414424 main     Process ID: 801
               19:23:55.414426 main     Package type: LINUX_64BITS_GENERIC
[   22.967859] 19:23:55.416301 main     6.0.20 r137117 started. Verbose level = 0
[   22.969514] 19:23:55.417952 main     vbglR3GuestCtrlDetectPeekGetCancelSupport: Supported (#1)
[   22.987569] vboxsf: g_fHostFeatures=0x8000000f g_fSfFeatures=0x1 g_uSfLastFunction=29
[   22.987703] vboxsf: Successfully loaded version 6.0.20
[   22.987773] vboxsf: Successfully loaded version 6.0.20 on 4.15.0-101-generic SMP mod_unload  (LINUX_VERSION_CODE=0x40f12)
[   22.990562] 19:23:55.438989 automount vbsvcAutomounterMountIt: Successfully mounted 'Users' on '/media/sf_Users'
[   60.782596] e1000: enp0s3 NIC Link is Down
[   62.798101] e1000: enp0s3 NIC Link is Up 1000 Mbps Full Duplex, Flow Control: RX
[  362.263968] e1000: enp0s3 NIC Link is Down
[  364.278664] e1000: enp0s3 NIC Link is Up 1000 Mbps Full Duplex, Flow Control: RX
[  661.985467] e1000: enp0s3 NIC Link is Down
[  666.016022] e1000: enp0s3 NIC Link is Up 1000 Mbps Full Duplex, Flow Control: RX
[  963.722687] e1000: enp0s3 NIC Link is Down
[  965.739487] e1000: enp0s3 NIC Link is Up 1000 Mbps Full Duplex, Flow Control: RX
[ 1264.660329] e1000: enp0s3 NIC Link is Down
[ 1268.690023] e1000: enp0s3 NIC Link is Up 1000 Mbps Full Duplex, Flow Control: RX
[ 1565.117867] e1000: enp0s3 NIC Link is Down
[ 1569.192605] e1000: enp0s3 NIC Link is Up 1000 Mbps Full Duplex, Flow Control: RX
[ 1765.744064] 19:52:59.061351 control  Session 0 is about to close ...
[ 1765.744324] 19:52:59.063833 control  Stopping all guest processes ...
[ 1765.744713] 19:52:59.063966 control  Closing all guest files ...
[ 1765.754262] usb 1-1: USB disconnect, device number 2
[ 1765.785452] e1000: enp0s3 NIC Link is Down
[ 1766.772842] usb 1-1: new full-speed USB device number 3 using ohci-pci
[ 1767.490304] usb 1-1: New USB device found, idVendor=80ee, idProduct=0021
[ 1767.490307] usb 1-1: New USB device strings: Mfr=1, Product=3, SerialNumber=0
[ 1767.490309] usb 1-1: Product: USB Tablet
[ 1767.490311] usb 1-1: Manufacturer: VirtualBox
[ 1767.506197] input: VirtualBox USB Tablet as /devices/pci0000:00/0000:00:06.0/usb1/1-1/1-1:1.0/0003:80EE:0021.0002/input/input8
[ 1767.506400] hid-generic 0003:80EE:0021.0002: input,hidraw0: USB HID v1.10 Mouse [VirtualBox USB Tablet] on usb-0000:00:06.0-1/input0
[ 1769.832195] e1000: enp0s3 NIC Link is Up 1000 Mbps Full Duplex, Flow Control: RX
[ 1772.645378] 12:57:36.991213 timesync vgsvcTimeSyncWorker: Radical host time change: 61 478 776 000 000ns (HostNow=1 608 641 856 991 000 000 ns HostLast=1 608 580 378 215 000 000 ns)
[ 1782.646212] 12:57:46.991901 timesync vgsvcTimeSyncWorker: Radical guest time change: 61 481 023 700 000ns (GuestNow=1 608 641 866 991 804 000 ns GuestLast=1 608 580 385 968 104 000 ns fSetTimeLastLoop=true )
[ 1842.211905] ISO 9660 Extensions: Microsoft Joliet Level 3
[ 1842.223083] ISO 9660 Extensions: RRIP_1991A
[ 1972.598451] e1000: enp0s3 NIC Link is Down
[ 1976.630903] e1000: enp0s3 NIC Link is Up 1000 Mbps Full Duplex, Flow Control: RX
[ 2273.079515] e1000: enp0s3 NIC Link is Down
[ 2277.130166] e1000: enp0s3 NIC Link is Up 1000 Mbps Full Duplex, Flow Control: RX
[ 2574.698822] e1000: enp0s3 NIC Link is Down
[ 2579.050848] e1000: enp0s3 NIC Link is Up 1000 Mbps Full Duplex, Flow Control: RX
[ 2872.277932] e1000: enp0s3 NIC Link is Down
[ 2873.336997] 14:07:42.258225 timesync vgsvcTimeSyncWorker: Radical host time change: 3 114 546 000 000ns (HostNow=1 608 646 062 258 000 000 ns HostLast=1 608 642 947 712 000 000 ns)
[ 2874.779145] e1000: enp0s3 NIC Link is Up 1000 Mbps Full Duplex, Flow Control: RX
[ 2883.339289] 14:07:52.259349 timesync vgsvcTimeSyncWorker: Radical guest time change: 3 114 576 718 000ns (GuestNow=1 608 646 072 259 335 000 ns GuestLast=1 608 642 957 682 617 000 ns fSetTimeLastLoop=true )
[ 3004.457433] e1000: enp0s3 NIC Link is Down
[ 3008.502745] e1000: enp0s3 NIC Link is Up 1000 Mbps Full Duplex, Flow Control: RX
[ 3306.965906] e1000: enp0s3 NIC Link is Down
[ 3308.983271] e1000: enp0s3 NIC Link is Up 1000 Mbps Full Duplex, Flow Control: RX
[ 3608.129169] e1000: enp0s3 NIC Link is Down
[ 3610.146534] e1000: enp0s3 NIC Link is Up 1000 Mbps Full Duplex, Flow Control: RX
[ 3907.190913] e1000: enp0s3 NIC Link is Down
[ 3911.286014] e1000: enp0s3 NIC Link is Up 1000 Mbps Full Duplex, Flow Control: RX
[ 4208.373929] e1000: enp0s3 NIC Link is Down
[ 4213.051239] e1000: enp0s3 NIC Link is Up 1000 Mbps Full Duplex, Flow Control: RX
[ 4509.891253] e1000: enp0s3 NIC Link is Down
[ 4513.910788] e1000: enp0s3 NIC Link is Up 1000 Mbps Full Duplex, Flow Control: RX
[ 4552.628007] CharDriver: module license 'unspecified' taints kernel.
[ 4552.628009] Disabling lock debugging due to kernel taint
[ 4552.628356] 
                Mydev is  = 267386880
[ 4552.628357] 
               The Major Number is 255...THe Minor Number is 0
[ 4810.102707] e1000: enp0s3 NIC Link is Down
[ 4814.135073] e1000: enp0s3 NIC Link is Up 1000 Mbps Full Duplex, Flow Control: RX
[ 4867.110812] 
               This is the Kernel....Open System Call.....
[ 4867.110833] 
                Data Successfully read.....
[ 4867.110879] 
               This is the release method of my Character Driver......Bye Dudes......
[ 4879.981011] 
               This is the Kernel....Open System Call.....
[ 4879.981257] 
               Message from the user......
               >>>> 123
               \xff\xff\xff\xff <<<<
[ 4879.981261] 
                Data Successfully Written.....
[ 4879.981266] 
               This is the release method of my Character Driver......Bye Dudes......
[ 4884.362821] 
               This is the Kernel....Open System Call.....
[ 4884.362841] 
                Data Successfully read.....
[ 4884.362879] 
               This is the release method of my Character Driver......Bye Dudes......
[ 5112.246729] e1000: enp0s3 NIC Link is Down
[ 5116.278910] e1000: enp0s3 NIC Link is Up 1000 Mbps Full Duplex, Flow Control: RX
[ 5127.071625] 
               This is the Kernel....Open System Call.....
[ 5127.071632] 
                Data Successfully read.....
[ 5127.071750] 
               This is the release method of my Character Driver......Bye Dudes......
[ 5153.287617] 
               This is the Kernel....Open System Call.....
[ 5153.287623] 
               Message from the user......
               >>>> THis is the User Buffer......Sending Data to the Kernel.... <<<<
[ 5153.287625] 
                Data Successfully Written.....
[ 5153.287627] 
                Data Successfully read.....
[ 5153.287706] 
               This is the release method of my Character Driver......Bye Dudes......
[ 5217.342299] 
               This is the Kernel....Open System Call.....
[ 5217.342308] 
               Message from the user......
               >>>> THis is the User Buffer......Sending Data to the Kernel.... <<<<
[ 5217.342310] 
                Data Successfully Written.....
[ 5217.342312] 
                Data Successfully read.....
[ 5217.342406] 
               This is the release method of my Character Driver......Bye Dudes......
[ 5413.494312] e1000: enp0s3 NIC Link is Down
[ 5417.526696] e1000: enp0s3 NIC Link is Up 1000 Mbps Full Duplex, Flow Control: RX
[ 5594.167448] 
               The Major Number is 255...THe Minor Number is 0
[ 5594.167451] 
               I have unregistered the stuff that was allocated.....Goodbye for ever.....
[ 5612.315775] 
                Mydev is  = 267386880
[ 5612.315776] 
               The Major Number is 255...THe Minor Number is 0
[ 5623.497907] 
               This is the Kernel....Open System Call.....
[ 5623.497917] 
                Error Writing Data
[ 5623.497921] 
                Data Successfully read.....
[ 5623.498099] 
               This is the release method of my Character Driver......Bye Dudes......
[ 5714.030305] e1000: enp0s3 NIC Link is Down
[ 5718.255185] e1000: enp0s3 NIC Link is Up 1000 Mbps Full Duplex, Flow Control: RX
[ 5912.060599] 
               The Major Number is 255...THe Minor Number is 0
[ 5912.060602] 
               I have unregistered the stuff that was allocated.....Goodbye for ever.....
[ 5918.013488] 
                Mydev is  = 267386880
[ 5918.013489] 
               The Major Number is 255...THe Minor Number is 0
[ 5920.684826] 
               This is the Kernel....Open System Call.....
[ 5920.684834] 
                Error Writing Data
[ 5920.684837] 
                Data Successfully read.....
[ 5920.684943] 
               This is the release method of my Character Driver......Bye Dudes......
[ 6014.871129] e1000: enp0s3 NIC Link is Down
[ 6018.902946] e1000: enp0s3 NIC Link is Up 1000 Mbps Full Duplex, Flow Control: RX
[ 6198.790006] 
               The Major Number is 255...THe Minor Number is 0
[ 6198.790009] 
               I have unregistered the stuff that was allocated.....Goodbye for ever.....
[ 6202.124369] 
                Mydev is  = 267386880
[ 6202.124371] 
               The Major Number is 255...THe Minor Number is 0
[ 6207.223621] 
               This is the Kernel....Open System Call.....
[ 6207.223629] 
                Error Writing Data
[ 6207.223631] 
                Data Successfully read.....
[ 6207.223705] 
               This is the release method of my Character Driver......Bye Dudes......
[ 6260.384611] 
               The Major Number is 255...THe Minor Number is 0
[ 6260.384613] 
               I have unregistered the stuff that was allocated.....Goodbye for ever.....
[ 6263.358809] 
                Mydev is  = 267386880
[ 6263.358810] 
               The Major Number is 255...THe Minor Number is 0
[ 6266.387278] 
               This is the Kernel....Open System Call.....
[ 6266.387295] 
                Data Successfully Written.....
               <<<<<<<THis is the User Buffer......Sending Data to the Kernel....>>>>>>>>
[ 6266.387299] 
                Error Writing Data
[ 6266.387304] 
                Data Successfully read.....
[ 6266.387462] 
               This is the release method of my Character Driver......Bye Dudes......
[ 6313.845837] 
               The Major Number is 255...THe Minor Number is 0
[ 6313.845840] 
               I have unregistered the stuff that was allocated.....Goodbye for ever.....
[ 6316.016635] e1000: enp0s3 NIC Link is Down
[ 6317.248316] 
                Mydev is  = 267386880
[ 6317.248317] 
               The Major Number is 255...THe Minor Number is 0
[ 6320.056747] e1000: enp0s3 NIC Link is Up 1000 Mbps Full Duplex, Flow Control: RX
[ 6324.603633] 
               This is the Kernel....Open System Call.....
[ 6324.603639] 
               Message from the user......
               >>>> THis is the User Buffer......Sending Data to the Kernel.... <<<<
[ 6324.603641] 
                Data Successfully Written.....
               <<<<<<<THis is the User Buffer......Sending Data to the Kernel....>>>>>>>>
[ 6324.603643] 
                Data Successfully read.....
[ 6324.603724] 
               This is the release method of my Character Driver......Bye Dudes......
[ 6385.039115] 
               The Major Number is 255...THe Minor Number is 0
[ 6385.039117] 
               I have unregistered the stuff that was allocated.....Goodbye for ever.....
[ 6388.717459] 
                Mydev is  = 267386880
[ 6388.717460] 
               The Major Number is 255...THe Minor Number is 0
[ 6393.452953] 
               This is the Kernel....Open System Call.....
[ 6393.452960] 
               Message from the user......
               >>>> THis is the User Buffer......Sending Data to the Kernel.... <<<<
[ 6393.452962] 
                Data Successfully Written.....
[ 6393.452965] 
                Data Successfully read.....
[ 6393.453057] 
               This is the release method of my Character Driver......Bye Dudes......
[ 6617.050880] e1000: enp0s3 NIC Link is Down
[ 6621.077091] e1000: enp0s3 NIC Link is Up 1000 Mbps Full Duplex, Flow Control: RX
[ 6918.768391] e1000: enp0s3 NIC Link is Down
[ 6920.834435] e1000: enp0s3 NIC Link is Up 1000 Mbps Full Duplex, Flow Control: RX
[ 7219.377354] e1000: enp0s3 NIC Link is Down
[ 7223.408950] e1000: enp0s3 NIC Link is Up 1000 Mbps Full Duplex, Flow Control: RX
[ 7520.250237] e1000: enp0s3 NIC Link is Down
[ 7524.361526] e1000: enp0s3 NIC Link is Up 1000 Mbps Full Duplex, Flow Control: RX
[ 7821.170260] e1000: enp0s3 NIC Link is Down
[ 7823.184809] e1000: enp0s3 NIC Link is Up 1000 Mbps Full Duplex, Flow Control: RX
[ 7976.262937] 16:32:22.109117 timesync vgsvcTimeSyncWorker: Radical host time change: 3 586 765 000 000ns (HostNow=1 608 654 742 109 000 000 ns HostLast=1 608 651 155 344 000 000 ns)
[ 7986.263737] 16:32:32.109893 timesync vgsvcTimeSyncWorker: Radical guest time change: 3 586 824 230 000ns (GuestNow=1 608 654 752 109 876 000 ns GuestLast=1 608 651 165 285 646 000 ns fSetTimeLastLoop=true )
[ 8080.336253] e1000: enp0s3 NIC Link is Down
[ 8082.363514] e1000: enp0s3 NIC Link is Up 1000 Mbps Full Duplex, Flow Control: RX
[ 8375.961880] e1000: enp0s3 NIC Link is Down
[ 8377.972168] e1000: enp0s3 NIC Link is Up 1000 Mbps Full Duplex, Flow Control: RX
[ 8583.041230] Inserting memory module
[ 8676.606622] e1000: enp0s3 NIC Link is Down
[ 8678.622889] e1000: enp0s3 NIC Link is Up 1000 Mbps Full Duplex, Flow Control: RX
[ 8816.003532] e1000: enp0s3 NIC Link is Down
[ 8818.011324] e1000: enp0s3 NIC Link is Up 1000 Mbps Full Duplex, Flow Control: RX
[ 9118.105523] e1000: enp0s3 NIC Link is Down
[ 9120.129180] e1000: enp0s3 NIC Link is Up 1000 Mbps Full Duplex, Flow Control: RX
[ 9397.008281] /home/km/KM_GIT/ldd/cdd/basics_cdd/char_memory/memory.c:memory_open:54
[ 9397.008284] /home/km/KM_GIT/ldd/cdd/basics_cdd/char_memory/memory.c:memory_write:81 count:3 *f_pos:0
[ 9397.008344] /home/km/KM_GIT/ldd/cdd/basics_cdd/char_memory/memory.c:memory_read:61,count:100,*f_pos:0
[ 9397.008349] /home/km/KM_GIT/ldd/cdd/basics_cdd/char_memory/memory.c:memory_release:94
[ 9417.766893] e1000: enp0s3 NIC Link is Down
[ 9421.834922] e1000: enp0s3 NIC Link is Up 1000 Mbps Full Duplex, Flow Control: RX
[ 9719.157629] e1000: enp0s3 NIC Link is Down
[ 9723.188213] e1000: enp0s3 NIC Link is Up 1000 Mbps Full Duplex, Flow Control: RX
[10021.374390] e1000: enp0s3 NIC Link is Down
[10023.390422] e1000: enp0s3 NIC Link is Up 1000 Mbps Full Duplex, Flow Control: RX
[10322.490592] e1000: enp0s3 NIC Link is Down
[10324.535017] e1000: enp0s3 NIC Link is Up 1000 Mbps Full Duplex, Flow Control: RX
[10621.682503] e1000: enp0s3 NIC Link is Down
[10625.723195] e1000: enp0s3 NIC Link is Up 1000 Mbps Full Duplex, Flow Control: RX
[10923.707854] e1000: enp0s3 NIC Link is Down
[10927.764880] e1000: enp0s3 NIC Link is Up 1000 Mbps Full Duplex, Flow Control: RX
[11224.581471] e1000: enp0s3 NIC Link is Down
[11228.611375] e1000: enp0s3 NIC Link is Up 1000 Mbps Full Duplex, Flow Control: RX
[11396.014913] e1000: enp0s3 NIC Link is Down
[11396.830731] 23:17:55.827136 timesync vgsvcTimeSyncWorker: Radical host time change: 20 844 937 000 000ns (HostNow=1 608 679 075 827 000 000 ns HostLast=1 608 658 230 890 000 000 ns)
[11400.065673] e1000: enp0s3 NIC Link is Up 1000 Mbps Full Duplex, Flow Control: RX
[11406.885903] 23:18:05.884432 timesync vgsvcTimeSyncWorker: Radical guest time change: 20 921 639 905 000ns (GuestNow=1 608 679 085 884 417 000 ns GuestLast=1 608 658 164 244 512 000 ns fSetTimeLastLoop=true )
[11699.357353] e1000: enp0s3 NIC Link is Down
[11701.372272] e1000: enp0s3 NIC Link is Up 1000 Mbps Full Duplex, Flow Control: RX
[11999.629023] e1000: enp0s3 NIC Link is Down
[12003.656497] e1000: enp0s3 NIC Link is Up 1000 Mbps Full Duplex, Flow Control: RX
[12301.112937] e1000: enp0s3 NIC Link is Down
[12303.576723] e1000: enp0s3 NIC Link is Up 1000 Mbps Full Duplex, Flow Control: RX
[12602.393505] e1000: enp0s3 NIC Link is Down
[12604.421124] e1000: enp0s3 NIC Link is Up 1000 Mbps Full Duplex, Flow Control: RX
[12901.955437] e1000: enp0s3 NIC Link is Down
[12906.050490] e1000: enp0s3 NIC Link is Up 1000 Mbps Full Duplex, Flow Control: RX
[13175.227266] e1000: enp0s3 NIC Link is Down
[13177.143466] 01:33:15.256485 timesync vgsvcTimeSyncWorker: Radical host time change: 6 348 352 000 000ns (HostNow=1 608 687 195 256 000 000 ns HostLast=1 608 680 846 904 000 000 ns)
[13177.241396] e1000: enp0s3 NIC Link is Up 1000 Mbps Full Duplex, Flow Control: RX
[13187.145114] 01:33:25.265078 timesync vgsvcTimeSyncWorker: Radical guest time change: 6 348 372 157 000ns (GuestNow=1 608 687 205 265 061 000 ns GuestLast=1 608 680 856 892 904 000 ns fSetTimeLastLoop=true )
[13360.187047] e1000: enp0s3 NIC Link is Down
[13364.216557] e1000: enp0s3 NIC Link is Up 1000 Mbps Full Duplex, Flow Control: RX
[13660.824914] e1000: enp0s3 NIC Link is Down
[13664.856528] e1000: enp0s3 NIC Link is Up 1000 Mbps Full Duplex, Flow Control: RX
[13962.871842] e1000: enp0s3 NIC Link is Down
[13964.908755] e1000: enp0s3 NIC Link is Up 1000 Mbps Full Duplex, Flow Control: RX
[14264.361457] e1000: enp0s3 NIC Link is Down
[14266.479208] e1000: enp0s3 NIC Link is Up 1000 Mbps Full Duplex, Flow Control: RX
[14564.825161] e1000: enp0s3 NIC Link is Down
[14566.840863] e1000: enp0s3 NIC Link is Up 1000 Mbps Full Duplex, Flow Control: RX
[14865.181291] e1000: enp0s3 NIC Link is Down
[14869.253597] e1000: enp0s3 NIC Link is Up 1000 Mbps Full Duplex, Flow Control: RX
[15167.448656] e1000: enp0s3 NIC Link is Down
[15169.465084] e1000: enp0s3 NIC Link is Up 1000 Mbps Full Duplex, Flow Control: RX
[15467.516308] e1000: enp0s3 NIC Link is Down
[15471.595784] e1000: enp0s3 NIC Link is Up 1000 Mbps Full Duplex, Flow Control: RX
[15768.986256] e1000: enp0s3 NIC Link is Down
[15773.049782] e1000: enp0s3 NIC Link is Up 1000 Mbps Full Duplex, Flow Control: RX
[16069.624074] e1000: enp0s3 NIC Link is Down
[16073.656925] e1000: enp0s3 NIC Link is Up 1000 Mbps Full Duplex, Flow Control: RX
[16370.871034] e1000: enp0s3 NIC Link is Down
[16374.900093] e1000: enp0s3 NIC Link is Up 1000 Mbps Full Duplex, Flow Control: RX
[16673.587938] e1000: enp0s3 NIC Link is Down
[16675.603641] e1000: enp0s3 NIC Link is Up 1000 Mbps Full Duplex, Flow Control: RX
[16972.886728] e1000: enp0s3 NIC Link is Down
[16976.969335] e1000: enp0s3 NIC Link is Up 1000 Mbps Full Duplex, Flow Control: RX
[17273.139357] e1000: enp0s3 NIC Link is Down
[17277.203738] e1000: enp0s3 NIC Link is Up 1000 Mbps Full Duplex, Flow Control: RX
[17575.827793] e1000: enp0s3 NIC Link is Down
[17577.854607] e1000: enp0s3 NIC Link is Up 1000 Mbps Full Duplex, Flow Control: RX
[17876.978827] e1000: enp0s3 NIC Link is Down
[17878.995513] e1000: enp0s3 NIC Link is Up 1000 Mbps Full Duplex, Flow Control: RX
[18178.195075] e1000: enp0s3 NIC Link is Down
[18180.362852] e1000: enp0s3 NIC Link is Up 1000 Mbps Full Duplex, Flow Control: RX
[18479.411116] e1000: enp0s3 NIC Link is Down
[18481.429896] e1000: enp0s3 NIC Link is Up 1000 Mbps Full Duplex, Flow Control: RX
[18780.340106] e1000: enp0s3 NIC Link is Down
[18782.356290] e1000: enp0s3 NIC Link is Up 1000 Mbps Full Duplex, Flow Control: RX
[19080.405507] e1000: enp0s3 NIC Link is Down
[19084.437111] e1000: enp0s3 NIC Link is Up 1000 Mbps Full Duplex, Flow Control: RX
[19383.864019] e1000: enp0s3 NIC Link is Down
[19385.879262] e1000: enp0s3 NIC Link is Up 1000 Mbps Full Duplex, Flow Control: RX
[19684.362949] e1000: enp0s3 NIC Link is Down
[19686.468455] e1000: enp0s3 NIC Link is Up 1000 Mbps Full Duplex, Flow Control: RX
[19985.261835] e1000: enp0s3 NIC Link is Down
[19989.295997] e1000: enp0s3 NIC Link is Up 1000 Mbps Full Duplex, Flow Control: RX
[20286.061827] e1000: enp0s3 NIC Link is Down
[20288.079406] e1000: enp0s3 NIC Link is Up 1000 Mbps Full Duplex, Flow Control: RX
[20588.046332] e1000: enp0s3 NIC Link is Down
[20590.063681] e1000: enp0s3 NIC Link is Up 1000 Mbps Full Duplex, Flow Control: RX
[20889.647929] e1000: enp0s3 NIC Link is Down
[20891.662509] e1000: enp0s3 NIC Link is Up 1000 Mbps Full Duplex, Flow Control: RX
[21188.367370] e1000: enp0s3 NIC Link is Down
[21192.430728] e1000: enp0s3 NIC Link is Up 1000 Mbps Full Duplex, Flow Control: RX
[21490.126413] e1000: enp0s3 NIC Link is Down
[21492.142240] e1000: enp0s3 NIC Link is Up 1000 Mbps Full Duplex, Flow Control: RX
[21790.190389] e1000: enp0s3 NIC Link is Down
[21794.222081] e1000: enp0s3 NIC Link is Up 1000 Mbps Full Duplex, Flow Control: RX
[22092.686047] e1000: enp0s3 NIC Link is Down
[22094.702805] e1000: enp0s3 NIC Link is Up 1000 Mbps Full Duplex, Flow Control: RX
[22231.756970] e1000: enp0s3 NIC Link is Down
[22232.121559] 15:18:53.261759 timesync vgsvcTimeSyncWorker: Radical host time change: 40 492 715 000 000ns (HostNow=1 608 736 733 261 000 000 ns HostLast=1 608 696 240 546 000 000 ns)
[22233.771235] e1000: enp0s3 NIC Link is Up 1000 Mbps Full Duplex, Flow Control: RX
[22242.171017] 15:19:03.313470 timesync vgsvcTimeSyncWorker: Radical guest time change: 40 492 838 945 000ns (GuestNow=1 608 736 743 313 456 000 ns GuestLast=1 608 696 250 474 511 000 ns fSetTimeLastLoop=true )
[22249.994498] e1000: enp0s3 NIC Link is Down
[22254.107210] e1000: enp0s3 NIC Link is Up 1000 Mbps Full Duplex, Flow Control: RX
[22335.691692] e1000: enp0s3 NIC Link is Down
[22337.707434] e1000: enp0s3 NIC Link is Up 1000 Mbps Full Duplex, Flow Control: RX
[22342.621848] 04:16:13.572153 timesync vgsvcTimeSyncWorker: Radical host time change: 132 939 842 000 000ns (HostNow=1 608 869 773 572 000 000 ns HostLast=1 608 736 833 730 000 000 ns)
[22352.719610] 04:16:23.670886 timesync vgsvcTimeSyncWorker: Radical guest time change: 132 939 907 674 000ns (GuestNow=1 608 869 783 670 866 000 ns GuestLast=1 608 736 843 763 192 000 ns fSetTimeLastLoop=true )
[23845.081210] 05:57:08.067130 timesync vgsvcTimeSyncWorker: Radical host time change: 4 561 993 000 000ns (HostNow=1 608 875 828 067 000 000 ns HostLast=1 608 871 266 074 000 000 ns)
[23855.093491] 05:57:18.072083 timesync vgsvcTimeSyncWorker: Radical guest time change: 4 562 040 756 000ns (GuestNow=1 608 875 838 072 068 000 ns GuestLast=1 608 871 276 031 312 000 ns fSetTimeLastLoop=true )
[23952.351846] e1000: enp0s3 NIC Link is Down
[23955.449121] 07:02:06.789156 timesync vgsvcTimeSyncWorker: Radical host time change: 3 798 419 000 000ns (HostNow=1 608 879 726 789 000 000 ns HostLast=1 608 875 928 370 000 000 ns)
[23956.395509] e1000: enp0s3 NIC Link is Up 1000 Mbps Full Duplex, Flow Control: RX
[23965.456996] 07:02:16.796943 timesync vgsvcTimeSyncWorker: Radical guest time change: 3 798 364 066 000ns (GuestNow=1 608 879 736 796 927 000 ns GuestLast=1 608 875 938 432 861 000 ns fSetTimeLastLoop=true )
[25646.226889] 08:11:23.448458 timesync vgsvcTimeSyncWorker: Radical host time change: 2 475 858 000 000ns (HostNow=1 608 883 883 444 000 000 ns HostLast=1 608 881 407 586 000 000 ns)
[25656.330055] 08:11:33.549263 timesync vgsvcTimeSyncWorker: Radical guest time change: 2 475 985 362 000ns (GuestNow=1 608 883 893 549 249 000 ns GuestLast=1 608 881 417 563 887 000 ns fSetTimeLastLoop=true )
[26802.667601] e1000: enp0s3 NIC Link is Down
[26806.717742] e1000: enp0s3 NIC Link is Up 1000 Mbps Full Duplex, Flow Control: RX
[28043.841459] e1000: enp0s3 NIC Link is Down
[28047.871751] e1000: enp0s3 NIC Link is Up 1000 Mbps Full Duplex, Flow Control: RX
[28059.122237] 09:27:39.532694 timesync vgsvcTimeSyncWorker: Radical guest time change: 2 172 578 158 000ns (GuestNow=1 608 888 459 532 680 000 ns GuestLast=1 608 886 286 954 522 000 ns fSetTimeLastLoop=true )
[28328.880851] e1000: enp0s3 NIC Link is Down
[28330.700206] 01:13:21.640745 timesync vgsvcTimeSyncWorker: Radical host time change: 56 482 072 000 000ns (HostNow=1 608 945 201 634 000 000 ns HostLast=1 608 888 719 562 000 000 ns)
[28331.161142] e1000: enp0s3 NIC Link is Up 1000 Mbps Full Duplex, Flow Control: RX
[28333.193650] e1000: enp0s3 NIC Link is Down
[28333.193690] e1000 0000:00:03.0 enp0s3: Reset adapter
[28335.360639] e1000: enp0s3 NIC Link is Up 1000 Mbps Full Duplex, Flow Control: RX
[28340.766728] 01:13:31.713277 timesync vgsvcTimeSyncWorker: Radical guest time change: 56 480 614 095 000ns (GuestNow=1 608 945 211 713 261 000 ns GuestLast=1 608 888 731 099 166 000 ns fSetTimeLastLoop=true )
[28586.500903] e1000: enp0s3 NIC Link is Down
[28588.532931] e1000: enp0s3 NIC Link is Up 1000 Mbps Full Duplex, Flow Control: RX
[28886.319220] e1000: enp0s3 NIC Link is Down
[28890.349319] e1000: enp0s3 NIC Link is Up 1000 Mbps Full Duplex, Flow Control: RX
[29137.712355] e1000: enp0s3 NIC Link is Down
[29139.728614] e1000: enp0s3 NIC Link is Up 1000 Mbps Full Duplex, Flow Control: RX
[29438.106475] e1000: enp0s3 NIC Link is Down
[29442.136897] e1000: enp0s3 NIC Link is Up 1000 Mbps Full Duplex, Flow Control: RX
[29739.076992] e1000: enp0s3 NIC Link is Down
[29741.091171] e1000: enp0s3 NIC Link is Up 1000 Mbps Full Duplex, Flow Control: RX
[30039.597521] e1000: enp0s3 NIC Link is Down
[30043.666269] e1000: enp0s3 NIC Link is Up 1000 Mbps Full Duplex, Flow Control: RX
[30341.175004] e1000: enp0s3 NIC Link is Down
[30343.190650] e1000: enp0s3 NIC Link is Up 1000 Mbps Full Duplex, Flow Control: RX
[30614.126397] e1000: enp0s3 NIC Link is Down
[30618.156790] e1000: enp0s3 NIC Link is Up 1000 Mbps Full Duplex, Flow Control: RX
[30914.456550] e1000: enp0s3 NIC Link is Down
[30918.486886] e1000: enp0s3 NIC Link is Up 1000 Mbps Full Duplex, Flow Control: RX
[31216.901769] e1000: enp0s3 NIC Link is Down
[31218.914477] e1000: enp0s3 NIC Link is Up 1000 Mbps Full Duplex, Flow Control: RX
[31516.972137] e1000: enp0s3 NIC Link is Down
[31521.078504] e1000: enp0s3 NIC Link is Up 1000 Mbps Full Duplex, Flow Control: RX
[31820.435036] e1000: enp0s3 NIC Link is Down
[31822.451190] e1000: enp0s3 NIC Link is Up 1000 Mbps Full Duplex, Flow Control: RX
[32120.350370] e1000: enp0s3 NIC Link is Down
[32124.411432] e1000: enp0s3 NIC Link is Up 1000 Mbps Full Duplex, Flow Control: RX
[32421.254603] e1000: enp0s3 NIC Link is Down
[32423.270252] e1000: enp0s3 NIC Link is Up 1000 Mbps Full Duplex, Flow Control: RX
[32721.936627] e1000: enp0s3 NIC Link is Down
[32725.967687] e1000: enp0s3 NIC Link is Up 1000 Mbps Full Duplex, Flow Control: RX
[33023.705910] e1000: enp0s3 NIC Link is Down
[33025.722347] e1000: enp0s3 NIC Link is Up 1000 Mbps Full Duplex, Flow Control: RX
[33323.779413] e1000: enp0s3 NIC Link is Down
[33327.810559] e1000: enp0s3 NIC Link is Up 1000 Mbps Full Duplex, Flow Control: RX
[33625.068973] e1000: enp0s3 NIC Link is Down
[33629.099319] e1000: enp0s3 NIC Link is Up 1000 Mbps Full Duplex, Flow Control: RX
[33926.422278] e1000: enp0s3 NIC Link is Down
[33928.437291] e1000: enp0s3 NIC Link is Up 1000 Mbps Full Duplex, Flow Control: RX
[34226.579797] e1000: enp0s3 NIC Link is Down
[34230.720056] e1000: enp0s3 NIC Link is Up 1000 Mbps Full Duplex, Flow Control: RX
[34528.616930] e1000: enp0s3 NIC Link is Down
[34530.638443] e1000: enp0s3 NIC Link is Up 1000 Mbps Full Duplex, Flow Control: RX
[34829.778576] e1000: enp0s3 NIC Link is Down
[34831.794796] e1000: enp0s3 NIC Link is Up 1000 Mbps Full Duplex, Flow Control: RX
[35131.132445] e1000: enp0s3 NIC Link is Down
[35133.148454] e1000: enp0s3 NIC Link is Up 1000 Mbps Full Duplex, Flow Control: RX
[35433.220817] e1000: enp0s3 NIC Link is Down
[35435.237818] e1000: enp0s3 NIC Link is Up 1000 Mbps Full Duplex, Flow Control: RX
[35735.374551] e1000: enp0s3 NIC Link is Down
[35737.389882] e1000: enp0s3 NIC Link is Up 1000 Mbps Full Duplex, Flow Control: RX
[36036.089113] e1000: enp0s3 NIC Link is Down
[36038.102848] e1000: enp0s3 NIC Link is Up 1000 Mbps Full Duplex, Flow Control: RX
[36336.193459] e1000: enp0s3 NIC Link is Down
[36340.223880] e1000: enp0s3 NIC Link is Up 1000 Mbps Full Duplex, Flow Control: RX
[36637.678415] e1000: enp0s3 NIC Link is Down
[36641.704848] e1000: enp0s3 NIC Link is Up 1000 Mbps Full Duplex, Flow Control: RX
[36938.932216] e1000: enp0s3 NIC Link is Down
[36940.947408] e1000: enp0s3 NIC Link is Up 1000 Mbps Full Duplex, Flow Control: RX
[37240.194848] e1000: enp0s3 NIC Link is Down
[37242.221470] e1000: enp0s3 NIC Link is Up 1000 Mbps Full Duplex, Flow Control: RX
[37540.218735] e1000: enp0s3 NIC Link is Down
[37544.325241] e1000: enp0s3 NIC Link is Up 1000 Mbps Full Duplex, Flow Control: RX
[37842.000427] e1000: enp0s3 NIC Link is Down
[37846.127236] e1000: enp0s3 NIC Link is Up 1000 Mbps Full Duplex, Flow Control: RX
[38143.130129] e1000: enp0s3 NIC Link is Down
[38147.161051] e1000: enp0s3 NIC Link is Up 1000 Mbps Full Duplex, Flow Control: RX
[38443.076446] e1000: enp0s3 NIC Link is Down
[38447.109308] e1000: enp0s3 NIC Link is Up 1000 Mbps Full Duplex, Flow Control: RX
[38744.401563] e1000: enp0s3 NIC Link is Down
[38748.428362] e1000: enp0s3 NIC Link is Up 1000 Mbps Full Duplex, Flow Control: RX
[39046.206754] e1000: enp0s3 NIC Link is Down
[39048.223027] e1000: enp0s3 NIC Link is Up 1000 Mbps Full Duplex, Flow Control: RX
[39347.278253] e1000: enp0s3 NIC Link is Down
[39351.311349] e1000: enp0s3 NIC Link is Up 1000 Mbps Full Duplex, Flow Control: RX
[39650.288058] e1000: enp0s3 NIC Link is Down
[39652.341200] e1000: enp0s3 NIC Link is Up 1000 Mbps Full Duplex, Flow Control: RX
[39950.977436] e1000: enp0s3 NIC Link is Down
[39952.977405] e1000: enp0s3 NIC Link is Up 1000 Mbps Full Duplex, Flow Control: RX
[40251.579806] e1000: enp0s3 NIC Link is Down
[40253.595150] e1000: enp0s3 NIC Link is Up 1000 Mbps Full Duplex, Flow Control: RX
[40551.814524] e1000: enp0s3 NIC Link is Down
[40555.844261] e1000: enp0s3 NIC Link is Up 1000 Mbps Full Duplex, Flow Control: RX
[40854.510253] e1000: enp0s3 NIC Link is Down
[40856.526111] e1000: enp0s3 NIC Link is Up 1000 Mbps Full Duplex, Flow Control: RX
[41127.321388] e1000: enp0s3 NIC Link is Down
[41129.088568] 06:15:48.251131 timesync vgsvcTimeSyncWorker: Radical host time change: 4 795 028 000 000ns (HostNow=1 608 963 348 251 000 000 ns HostLast=1 608 958 553 223 000 000 ns)
[41131.417498] e1000: enp0s3 NIC Link is Up 1000 Mbps Full Duplex, Flow Control: RX
[41139.090436] 06:15:58.254293 timesync vgsvcTimeSyncWorker: Radical guest time change: 5 351 824 526 000ns (GuestNow=1 608 963 358 254 275 000 ns GuestLast=1 608 958 006 429 749 000 ns fSetTimeLastLoop=true )
[41454.539642] e1000: enp0s3 NIC Link is Down
[41456.549385] e1000: enp0s3 NIC Link is Up 1000 Mbps Full Duplex, Flow Control: RX
[43453.667854] e1000: enp0s3 NIC Link is Down
[43457.694197] e1000: enp0s3 NIC Link is Up 1000 Mbps Full Duplex, Flow Control: RX
[43508.197278] e1000: enp0s3 NIC Link is Down
[43512.227854] e1000: enp0s3 NIC Link is Up 1000 Mbps Full Duplex, Flow Control: RX
[44390.316956] e1000: enp0s3 NIC Link is Down
[44394.346847] e1000: enp0s3 NIC Link is Up 1000 Mbps Full Duplex, Flow Control: RX
[44692.628667] e1000: enp0s3 NIC Link is Down
[44694.643516] e1000: enp0s3 NIC Link is Up 1000 Mbps Full Duplex, Flow Control: RX
[44992.958190] e1000: enp0s3 NIC Link is Down
[44994.973842] e1000: enp0s3 NIC Link is Up 1000 Mbps Full Duplex, Flow Control: RX
[45292.520460] e1000: enp0s3 NIC Link is Down
[45296.551278] e1000: enp0s3 NIC Link is Up 1000 Mbps Full Duplex, Flow Control: RX
[45594.961634] e1000: enp0s3 NIC Link is Down
[45596.976703] e1000: enp0s3 NIC Link is Up 1000 Mbps Full Duplex, Flow Control: RX
[45824.291590] e1000: enp0s3 NIC Link is Down
[45826.330397] e1000: enp0s3 NIC Link is Up 1000 Mbps Full Duplex, Flow Control: RX
[46034.326099] e1000: enp0s3 NIC Link is Down
[46036.340782] e1000: enp0s3 NIC Link is Up 1000 Mbps Full Duplex, Flow Control: RX
[46067.237479] e1000: enp0s3 NIC Link is Down
[46069.444826] e1000: enp0s3 NIC Link is Up 1000 Mbps Full Duplex, Flow Control: RX
[46206.720242] e1000: enp0s3 NIC Link is Down
[46209.052380] e1000: enp0s3 NIC Link is Up 1000 Mbps Full Duplex, Flow Control: RX
[46484.175084] e1000: enp0s3 NIC Link is Down
[46488.224742] e1000: enp0s3 NIC Link is Up 1000 Mbps Full Duplex, Flow Control: RX
[46490.031377] 09:19:55.581428 timesync vgsvcTimeSyncWorker: Radical host time change: 4 279 512 000 000ns (HostNow=1 608 974 395 575 000 000 ns HostLast=1 608 970 116 063 000 000 ns)
[46500.038229] 09:20:05.589397 timesync vgsvcTimeSyncWorker: Radical guest time change: 4 279 533 455 000ns (GuestNow=1 608 974 405 589 382 000 ns GuestLast=1 608 970 126 055 927 000 ns fSetTimeLastLoop=true )
[46787.357728] e1000: enp0s3 NIC Link is Down
[46791.390098] e1000: enp0s3 NIC Link is Up 1000 Mbps Full Duplex, Flow Control: RX
[47087.837791] e1000: enp0s3 NIC Link is Down
[47091.870864] e1000: enp0s3 NIC Link is Up 1000 Mbps Full Duplex, Flow Control: RX
[47388.254003] e1000: enp0s3 NIC Link is Down
[47392.303704] e1000: enp0s3 NIC Link is Up 1000 Mbps Full Duplex, Flow Control: RX
[47670.110269] e1000: enp0s3 NIC Link is Down
[47674.148951] e1000: enp0s3 NIC Link is Up 1000 Mbps Full Duplex, Flow Control: RX
[47676.155073] e1000: enp0s3 NIC Link is Down
[47678.181663] e1000: enp0s3 NIC Link is Up 1000 Mbps Full Duplex, Flow Control: RX
[47942.300303] e1000: enp0s3 NIC Link is Down
[47946.410203] e1000: enp0s3 NIC Link is Up 1000 Mbps Full Duplex, Flow Control: RX
[48245.504076] e1000: enp0s3 NIC Link is Down
[48247.508331] e1000: enp0s3 NIC Link is Up 1000 Mbps Full Duplex, Flow Control: RX
[48545.673615] e1000: enp0s3 NIC Link is Down
[48549.715353] e1000: enp0s3 NIC Link is Up 1000 Mbps Full Duplex, Flow Control: RX
[48680.613352] 00:52:29.074097 timesync vgsvcTimeSyncWorker: Radical host time change: 52 426 226 000 000ns (HostNow=1 609 030 349 045 000 000 ns HostLast=1 608 977 922 819 000 000 ns)
[48681.763366] e1000: enp0s3 NIC Link is Down
[48685.814674] e1000: enp0s3 NIC Link is Up 1000 Mbps Full Duplex, Flow Control: RX
[48690.917059] 00:52:39.408784 timesync vgsvcTimeSyncWorker: Radical guest time change: 52 426 604 800 000ns (GuestNow=1 609 030 359 408 761 000 ns GuestLast=1 608 977 932 803 961 000 ns fSetTimeLastLoop=true )
[48782.061510] 02:00:38.961840 timesync vgsvcTimeSyncWorker: Radical host time change: 4 002 704 000 000ns (HostNow=1 609 034 438 465 000 000 ns HostLast=1 609 030 435 761 000 000 ns)
[48783.899292] e1000: enp0s3 NIC Link is Down
[48785.926609] e1000: enp0s3 NIC Link is Up 1000 Mbps Full Duplex, Flow Control: RX
[48792.066984] 02:00:49.092828 timesync vgsvcTimeSyncWorker: Radical guest time change: 3 999 206 200 000ns (GuestNow=1 609 034 449 092 809 000 ns GuestLast=1 609 030 449 886 609 000 ns fSetTimeLastLoop=true )
[48856.607132] e1000: enp0s3 NIC Link is Down
[48858.622091] e1000: enp0s3 NIC Link is Up 1000 Mbps Full Duplex, Flow Control: RX
[48862.091841] 04:20:59.956166 timesync vgsvcTimeSyncWorker: Radical host time change: 8 350 604 000 000ns (HostNow=1 609 042 859 956 000 000 ns HostLast=1 609 034 509 352 000 000 ns)
[48872.096812] 04:21:09.974651 timesync vgsvcTimeSyncWorker: Radical guest time change: 8 350 835 083 000ns (GuestNow=1 609 042 869 974 637 000 ns GuestLast=1 609 034 519 139 554 000 ns fSetTimeLastLoop=true )
[49152.060332] e1000: enp0s3 NIC Link is Down
[49154.077444] e1000: enp0s3 NIC Link is Up 1000 Mbps Full Duplex, Flow Control: RX
[49454.140719] e1000: enp0s3 NIC Link is Down
[49456.157299] e1000: enp0s3 NIC Link is Up 1000 Mbps Full Duplex, Flow Control: RX
[49753.859364] e1000: enp0s3 NIC Link is Down
[49757.892441] e1000: enp0s3 NIC Link is Up 1000 Mbps Full Duplex, Flow Control: RX
[50057.340071] e1000: enp0s3 NIC Link is Down
[50059.357171] e1000: enp0s3 NIC Link is Up 1000 Mbps Full Duplex, Flow Control: RX
[50358.782605] e1000: enp0s3 NIC Link is Down
[50362.831774] e1000: enp0s3 NIC Link is Up 1000 Mbps Full Duplex, Flow Control: RX
[50661.020288] e1000: enp0s3 NIC Link is Down
[50663.037161] e1000: enp0s3 NIC Link is Up 1000 Mbps Full Duplex, Flow Control: RX
[50962.717164] e1000: enp0s3 NIC Link is Down
[50964.733191] e1000: enp0s3 NIC Link is Up 1000 Mbps Full Duplex, Flow Control: RX
[51263.868629] e1000: enp0s3 NIC Link is Down
[51265.885536] e1000: enp0s3 NIC Link is Up 1000 Mbps Full Duplex, Flow Control: RX
[51565.180821] e1000: enp0s3 NIC Link is Down
[51567.200546] e1000: enp0s3 NIC Link is Up 1000 Mbps Full Duplex, Flow Control: RX
[51865.832397] e1000: enp0s3 NIC Link is Down
[51867.837080] e1000: enp0s3 NIC Link is Up 1000 Mbps Full Duplex, Flow Control: RX
[52167.010715] e1000: enp0s3 NIC Link is Down
[52169.027938] e1000: enp0s3 NIC Link is Up 1000 Mbps Full Duplex, Flow Control: RX
[52467.991468] e1000: enp0s3 NIC Link is Down
[52470.007768] e1000: enp0s3 NIC Link is Up 1000 Mbps Full Duplex, Flow Control: RX
[52769.046943] e1000: enp0s3 NIC Link is Down
[52771.063642] e1000: enp0s3 NIC Link is Up 1000 Mbps Full Duplex, Flow Control: RX
[53069.974933] e1000: enp0s3 NIC Link is Down
[53072.012552] e1000: enp0s3 NIC Link is Up 1000 Mbps Full Duplex, Flow Control: RX
[53369.755386] e1000: enp0s3 NIC Link is Down
[53373.783657] e1000: enp0s3 NIC Link is Up 1000 Mbps Full Duplex, Flow Control: RX
[53672.791657] e1000: enp0s3 NIC Link is Down
[53674.808659] e1000: enp0s3 NIC Link is Up 1000 Mbps Full Duplex, Flow Control: RX
[53974.296373] e1000: enp0s3 NIC Link is Down
[53976.320973] e1000: enp0s3 NIC Link is Up 1000 Mbps Full Duplex, Flow Control: RX
[54273.623488] e1000: enp0s3 NIC Link is Down
[54277.688000] e1000: enp0s3 NIC Link is Up 1000 Mbps Full Duplex, Flow Control: RX
[54576.471586] e1000: enp0s3 NIC Link is Down
[54578.487848] e1000: enp0s3 NIC Link is Up 1000 Mbps Full Duplex, Flow Control: RX
[54876.247668] e1000: enp0s3 NIC Link is Down
[54878.263828] e1000: enp0s3 NIC Link is Up 1000 Mbps Full Duplex, Flow Control: RX
[55177.498845] e1000: enp0s3 NIC Link is Down
[55181.615214] e1000: enp0s3 NIC Link is Up 1000 Mbps Full Duplex, Flow Control: RX
[55403.346171] e1000: enp0s3 NIC Link is Down
[55407.378768] e1000: enp0s3 NIC Link is Up 1000 Mbps Full Duplex, Flow Control: RX
[55704.690341] e1000: enp0s3 NIC Link is Down
[55708.721715] e1000: enp0s3 NIC Link is Up 1000 Mbps Full Duplex, Flow Control: RX
[56006.801376] e1000: enp0s3 NIC Link is Down
[56010.860500] e1000: enp0s3 NIC Link is Up 1000 Mbps Full Duplex, Flow Control: RX
[56307.251089] e1000: enp0s3 NIC Link is Down
[56311.282093] e1000: enp0s3 NIC Link is Up 1000 Mbps Full Duplex, Flow Control: RX
[56609.011159] e1000: enp0s3 NIC Link is Down
[56611.025538] e1000: enp0s3 NIC Link is Up 1000 Mbps Full Duplex, Flow Control: RX
[56909.809605] e1000: enp0s3 NIC Link is Down
[56911.825688] e1000: enp0s3 NIC Link is Up 1000 Mbps Full Duplex, Flow Control: RX
[57212.434313] e1000: enp0s3 NIC Link is Down
[57214.450436] e1000: enp0s3 NIC Link is Up 1000 Mbps Full Duplex, Flow Control: RX
[57512.849495] e1000: enp0s3 NIC Link is Down
[57516.882211] e1000: enp0s3 NIC Link is Up 1000 Mbps Full Duplex, Flow Control: RX
[57814.529831] e1000: enp0s3 NIC Link is Down
[57816.605981] e1000: enp0s3 NIC Link is Up 1000 Mbps Full Duplex, Flow Control: RX
[58115.570525] e1000: enp0s3 NIC Link is Down
[58117.586088] e1000: enp0s3 NIC Link is Up 1000 Mbps Full Duplex, Flow Control: RX
[58415.721981] e1000: enp0s3 NIC Link is Down
[58419.858171] e1000: enp0s3 NIC Link is Up 1000 Mbps Full Duplex, Flow Control: RX
[58718.288036] e1000: enp0s3 NIC Link is Down
[58720.306815] e1000: enp0s3 NIC Link is Up 1000 Mbps Full Duplex, Flow Control: RX
[58722.347895] e1000: enp0s3 NIC Link is Down
[58724.426444] e1000: enp0s3 NIC Link is Up 1000 Mbps Full Duplex, Flow Control: RX
[59023.756553] e1000: enp0s3 NIC Link is Down
[59025.791705] e1000: enp0s3 NIC Link is Up 1000 Mbps Full Duplex, Flow Control: RX
[59324.620118] e1000: enp0s3 NIC Link is Down
[59326.790554] e1000: enp0s3 NIC Link is Up 1000 Mbps Full Duplex, Flow Control: RX
[59626.186550] e1000: enp0s3 NIC Link is Down
[59628.208198] e1000: enp0s3 NIC Link is Up 1000 Mbps Full Duplex, Flow Control: RX
[59926.221233] e1000: enp0s3 NIC Link is Down
[59930.288796] e1000: enp0s3 NIC Link is Up 1000 Mbps Full Duplex, Flow Control: RX
[60229.260366] e1000: enp0s3 NIC Link is Down
[60231.276450] e1000: enp0s3 NIC Link is Up 1000 Mbps Full Duplex, Flow Control: RX
[60529.931901] e1000: enp0s3 NIC Link is Down
[60531.948205] e1000: enp0s3 NIC Link is Up 1000 Mbps Full Duplex, Flow Control: RX
[60828.812384] e1000: enp0s3 NIC Link is Down
[60832.845136] e1000: enp0s3 NIC Link is Up 1000 Mbps Full Duplex, Flow Control: RX
[61132.140055] e1000: enp0s3 NIC Link is Down
[61134.155947] e1000: enp0s3 NIC Link is Up 1000 Mbps Full Duplex, Flow Control: RX
[61432.902977] e1000: enp0s3 NIC Link is Down
[61436.946192] e1000: enp0s3 NIC Link is Up 1000 Mbps Full Duplex, Flow Control: RX
[61734.247139] e1000: enp0s3 NIC Link is Down
[61736.263924] e1000: enp0s3 NIC Link is Up 1000 Mbps Full Duplex, Flow Control: RX
[62035.206885] e1000: enp0s3 NIC Link is Down
[62037.225609] e1000: enp0s3 NIC Link is Up 1000 Mbps Full Duplex, Flow Control: RX
[62331.623210] e1000: enp0s3 NIC Link is Down
[62332.861545] 11:19:58.680674 timesync vgsvcTimeSyncWorker: Radical host time change: 10 219 211 000 000ns (HostNow=1 609 067 998 680 000 000 ns HostLast=1 609 057 779 469 000 000 ns)
[62333.650567] e1000: enp0s3 NIC Link is Up 1000 Mbps Full Duplex, Flow Control: RX
[62342.881947] 11:20:08.702617 timesync vgsvcTimeSyncWorker: Radical guest time change: 10 219 266 016 000ns (GuestNow=1 609 068 008 702 601 000 ns GuestLast=1 609 057 789 436 585 000 ns fSetTimeLastLoop=true )
[62515.366732] e1000: enp0s3 NIC Link is Down
[62517.382918] e1000: enp0s3 NIC Link is Up 1000 Mbps Full Duplex, Flow Control: RX
[62816.268620] e1000: enp0s3 NIC Link is Down
[62820.327567] e1000: enp0s3 NIC Link is Up 1000 Mbps Full Duplex, Flow Control: RX
[63116.679310] e1000: enp0s3 NIC Link is Down
[63120.711215] e1000: enp0s3 NIC Link is Up 1000 Mbps Full Duplex, Flow Control: RX
[63417.350982] e1000: enp0s3 NIC Link is Down
[63421.382666] e1000: enp0s3 NIC Link is Up 1000 Mbps Full Duplex, Flow Control: RX
[63720.134880] e1000: enp0s3 NIC Link is Down
[63722.151316] e1000: enp0s3 NIC Link is Up 1000 Mbps Full Duplex, Flow Control: RX
[64020.646757] e1000: enp0s3 NIC Link is Down
[64022.663440] e1000: enp0s3 NIC Link is Up 1000 Mbps Full Duplex, Flow Control: RX
[64320.243037] e1000: enp0s3 NIC Link is Down
[64324.364250] e1000: enp0s3 NIC Link is Up 1000 Mbps Full Duplex, Flow Control: RX
[64622.952009] e1000: enp0s3 NIC Link is Down
[64624.966995] e1000: enp0s3 NIC Link is Up 1000 Mbps Full Duplex, Flow Control: RX
[64923.526978] e1000: enp0s3 NIC Link is Down
[64925.543374] e1000: enp0s3 NIC Link is Up 1000 Mbps Full Duplex, Flow Control: RX
[65224.806437] e1000: enp0s3 NIC Link is Down
[65226.823050] e1000: enp0s3 NIC Link is Up 1000 Mbps Full Duplex, Flow Control: RX
[65525.345317] e1000: enp0s3 NIC Link is Down
[65527.361941] e1000: enp0s3 NIC Link is Up 1000 Mbps Full Duplex, Flow Control: RX
[65826.465908] e1000: enp0s3 NIC Link is Down
[65828.569359] e1000: enp0s3 NIC Link is Up 1000 Mbps Full Duplex, Flow Control: RX
[66127.488808] e1000: enp0s3 NIC Link is Down
[66129.506558] e1000: enp0s3 NIC Link is Up 1000 Mbps Full Duplex, Flow Control: RX
[66428.417413] e1000: enp0s3 NIC Link is Down
[66430.434032] e1000: enp0s3 NIC Link is Up 1000 Mbps Full Duplex, Flow Control: RX
[66728.642542] e1000: enp0s3 NIC Link is Down
[66732.673738] e1000: enp0s3 NIC Link is Up 1000 Mbps Full Duplex, Flow Control: RX
[67029.992469] e1000: enp0s3 NIC Link is Down
[67034.017773] e1000: enp0s3 NIC Link is Up 1000 Mbps Full Duplex, Flow Control: RX
[67332.385000] e1000: enp0s3 NIC Link is Down
[67336.417499] e1000: enp0s3 NIC Link is Up 1000 Mbps Full Duplex, Flow Control: RX
[67634.337934] e1000: enp0s3 NIC Link is Down
[67636.354919] e1000: enp0s3 NIC Link is Up 1000 Mbps Full Duplex, Flow Control: RX
[67934.817151] e1000: enp0s3 NIC Link is Down
[67938.849739] e1000: enp0s3 NIC Link is Up 1000 Mbps Full Duplex, Flow Control: RX
[68235.436438] e1000: enp0s3 NIC Link is Down
[68239.466879] e1000: enp0s3 NIC Link is Up 1000 Mbps Full Duplex, Flow Control: RX
[68536.548594] e1000: enp0s3 NIC Link is Down
[68540.572437] e1000: enp0s3 NIC Link is Up 1000 Mbps Full Duplex, Flow Control: RX
[68788.700620] e1000: enp0s3 NIC Link is Down
[68790.139264] 14:13:43.140122 timesync vgsvcTimeSyncWorker: Radical host time change: 3 976 961 000 000ns (HostNow=1 609 078 423 140 000 000 ns HostLast=1 609 074 446 179 000 000 ns)
[68792.749631] e1000: enp0s3 NIC Link is Up 1000 Mbps Full Duplex, Flow Control: RX
[68800.149653] 14:13:53.152940 timesync vgsvcTimeSyncWorker: Radical guest time change: 3 976 991 216 000ns (GuestNow=1 609 078 433 152 926 000 ns GuestLast=1 609 074 456 161 710 000 ns fSetTimeLastLoop=true )
[69010.747731] e1000: enp0s3 NIC Link is Down
[69014.780055] e1000: enp0s3 NIC Link is Up 1000 Mbps Full Duplex, Flow Control: RX
[69311.323761] e1000: enp0s3 NIC Link is Down
[69315.410473] e1000: enp0s3 NIC Link is Up 1000 Mbps Full Duplex, Flow Control: RX
[69614.203645] e1000: enp0s3 NIC Link is Down
[69616.220337] e1000: enp0s3 NIC Link is Up 1000 Mbps Full Duplex, Flow Control: RX
[69915.101267] e1000: enp0s3 NIC Link is Down
[69917.165695] e1000: enp0s3 NIC Link is Up 1000 Mbps Full Duplex, Flow Control: RX
[70215.657422] e1000: enp0s3 NIC Link is Down
[70217.664891] e1000: enp0s3 NIC Link is Up 1000 Mbps Full Duplex, Flow Control: RX
[70517.404842] e1000: enp0s3 NIC Link is Down
[70519.420106] e1000: enp0s3 NIC Link is Up 1000 Mbps Full Duplex, Flow Control: RX
[70816.541242] e1000: enp0s3 NIC Link is Down
[70820.632913] e1000: enp0s3 NIC Link is Up 1000 Mbps Full Duplex, Flow Control: RX
[71118.171803] e1000: enp0s3 NIC Link is Down
[71120.192027] e1000: enp0s3 NIC Link is Up 1000 Mbps Full Duplex, Flow Control: RX
[71419.739513] e1000: enp0s3 NIC Link is Down
[71421.757088] e1000: enp0s3 NIC Link is Up 1000 Mbps Full Duplex, Flow Control: RX
[71720.444283] e1000: enp0s3 NIC Link is Down
[71724.517202] e1000: enp0s3 NIC Link is Up 1000 Mbps Full Duplex, Flow Control: RX
[72021.659271] e1000: enp0s3 NIC Link is Down
[72025.692567] e1000: enp0s3 NIC Link is Up 1000 Mbps Full Duplex, Flow Control: RX
[72324.571513] e1000: enp0s3 NIC Link is Down
[72326.587888] e1000: enp0s3 NIC Link is Up 1000 Mbps Full Duplex, Flow Control: RX
[72623.643951] e1000: enp0s3 NIC Link is Down
[72627.675952] e1000: enp0s3 NIC Link is Up 1000 Mbps Full Duplex, Flow Control: RX
[72926.395845] e1000: enp0s3 NIC Link is Down
[72928.412458] e1000: enp0s3 NIC Link is Up 1000 Mbps Full Duplex, Flow Control: RX
[73226.108141] e1000: enp0s3 NIC Link is Down
[73230.318435] e1000: enp0s3 NIC Link is Up 1000 Mbps Full Duplex, Flow Control: RX
[73465.097384] e1000: enp0s3 NIC Link is Down
[73467.297186] 16:26:48.669259 timesync vgsvcTimeSyncWorker: Radical host time change: 3 318 306 000 000ns (HostNow=1 609 086 408 669 000 000 ns HostLast=1 609 083 090 363 000 000 ns)
[73469.249505] e1000: enp0s3 NIC Link is Up 1000 Mbps Full Duplex, Flow Control: RX
[73477.303411] 16:26:58.676636 timesync vgsvcTimeSyncWorker: Radical guest time change: 3 318 376 753 000ns (GuestNow=1 609 086 418 676 622 000 ns GuestLast=1 609 083 100 299 869 000 ns fSetTimeLastLoop=true )
[73697.531351] e1000: enp0s3 NIC Link is Down
[73701.563840] e1000: enp0s3 NIC Link is Up 1000 Mbps Full Duplex, Flow Control: RX
[73998.747972] e1000: enp0s3 NIC Link is Down
[74002.780711] e1000: enp0s3 NIC Link is Up 1000 Mbps Full Duplex, Flow Control: RX
[74301.116200] e1000: enp0s3 NIC Link is Down
[74303.132729] e1000: enp0s3 NIC Link is Up 1000 Mbps Full Duplex, Flow Control: RX
[74600.478459] e1000: enp0s3 NIC Link is Down
[74604.508191] e1000: enp0s3 NIC Link is Up 1000 Mbps Full Duplex, Flow Control: RX
[74903.227829] e1000: enp0s3 NIC Link is Down
[74905.244239] e1000: enp0s3 NIC Link is Up 1000 Mbps Full Duplex, Flow Control: RX
[75203.836948] e1000: enp0s3 NIC Link is Down
[75205.852006] e1000: enp0s3 NIC Link is Up 1000 Mbps Full Duplex, Flow Control: RX
[75504.758441] e1000: enp0s3 NIC Link is Down
[75506.779790] e1000: enp0s3 NIC Link is Up 1000 Mbps Full Duplex, Flow Control: RX
[75804.892812] e1000: enp0s3 NIC Link is Down
[75808.957159] e1000: enp0s3 NIC Link is Up 1000 Mbps Full Duplex, Flow Control: RX
[76108.219352] e1000: enp0s3 NIC Link is Down
[76110.235755] e1000: enp0s3 NIC Link is Up 1000 Mbps Full Duplex, Flow Control: RX
[76408.856451] e1000: enp0s3 NIC Link is Down
[76410.871632] e1000: enp0s3 NIC Link is Up 1000 Mbps Full Duplex, Flow Control: RX
[76708.982651] e1000: enp0s3 NIC Link is Down
[76713.015923] e1000: enp0s3 NIC Link is Up 1000 Mbps Full Duplex, Flow Control: RX
[77009.142827] e1000: enp0s3 NIC Link is Down
[77013.174987] e1000: enp0s3 NIC Link is Up 1000 Mbps Full Duplex, Flow Control: RX
[77312.246533] e1000: enp0s3 NIC Link is Down
[77314.262716] e1000: enp0s3 NIC Link is Up 1000 Mbps Full Duplex, Flow Control: RX
[77611.102170] e1000: enp0s3 NIC Link is Down
[77615.134271] e1000: enp0s3 NIC Link is Up 1000 Mbps Full Duplex, Flow Control: RX
[77913.943116] e1000: enp0s3 NIC Link is Down
[77915.960487] e1000: enp0s3 NIC Link is Up 1000 Mbps Full Duplex, Flow Control: RX
[78213.719084] e1000: enp0s3 NIC Link is Down
[78217.752750] e1000: enp0s3 NIC Link is Up 1000 Mbps Full Duplex, Flow Control: RX
[78262.102227] e1000: enp0s3 NIC Link is Down
[78263.091378] 23:57:42.622322 timesync vgsvcTimeSyncWorker: Radical host time change: 22 267 997 000 000ns (HostNow=1 609 113 462 622 000 000 ns HostLast=1 609 091 194 625 000 000 ns)
[78266.134699] e1000: enp0s3 NIC Link is Up 1000 Mbps Full Duplex, Flow Control: RX
[78273.098786] 23:57:52.633277 timesync vgsvcTimeSyncWorker: Radical guest time change: 22 268 070 803 000ns (GuestNow=1 609 113 472 633 258 000 ns GuestLast=1 609 091 204 562 455 000 ns fSetTimeLastLoop=true )
[78362.083287] e1000: enp0s3 NIC Link is Down
[78366.162430] e1000: enp0s3 NIC Link is Up 1000 Mbps Full Duplex, Flow Control: RX
[78664.140975] e1000: enp0s3 NIC Link is Down
[78666.166862] e1000: enp0s3 NIC Link is Up 1000 Mbps Full Duplex, Flow Control: RX
[78963.446298] e1000: enp0s3 NIC Link is Down
[78967.479426] e1000: enp0s3 NIC Link is Up 1000 Mbps Full Duplex, Flow Control: RX
[79264.758604] e1000: enp0s3 NIC Link is Down
[79268.790797] e1000: enp0s3 NIC Link is Up 1000 Mbps Full Duplex, Flow Control: RX
[79566.822581] e1000: enp0s3 NIC Link is Down
[79568.858103] e1000: enp0s3 NIC Link is Up 1000 Mbps Full Duplex, Flow Control: RX
[79867.863076] e1000: enp0s3 NIC Link is Down
[79869.895665] e1000: enp0s3 NIC Link is Up 1000 Mbps Full Duplex, Flow Control: RX
[80168.773924] e1000: enp0s3 NIC Link is Down
[80171.082818] e1000: enp0s3 NIC Link is Up 1000 Mbps Full Duplex, Flow Control: RX
[80469.160786] e1000: enp0s3 NIC Link is Down
[80471.564912] e1000: enp0s3 NIC Link is Up 1000 Mbps Full Duplex, Flow Control: RX
[80769.128703] e1000: enp0s3 NIC Link is Down
[80773.175380] e1000: enp0s3 NIC Link is Up 1000 Mbps Full Duplex, Flow Control: RX
[81071.159595] e1000: enp0s3 NIC Link is Down
[81073.188705] e1000: enp0s3 NIC Link is Up 1000 Mbps Full Duplex, Flow Control: RX
[81370.902454] e1000: enp0s3 NIC Link is Down
[81374.934950] e1000: enp0s3 NIC Link is Up 1000 Mbps Full Duplex, Flow Control: RX
[81671.478587] e1000: enp0s3 NIC Link is Down
[81675.511614] e1000: enp0s3 NIC Link is Up 1000 Mbps Full Duplex, Flow Control: RX
[81974.582638] e1000: enp0s3 NIC Link is Down
[81976.599583] e1000: enp0s3 NIC Link is Up 1000 Mbps Full Duplex, Flow Control: RX
[82273.753442] e1000: enp0s3 NIC Link is Down
[82277.782874] e1000: enp0s3 NIC Link is Up 1000 Mbps Full Duplex, Flow Control: RX
[82577.067063] e1000: enp0s3 NIC Link is Down
[82579.082379] e1000: enp0s3 NIC Link is Up 1000 Mbps Full Duplex, Flow Control: RX
[82877.552525] e1000: enp0s3 NIC Link is Down
[82879.568999] e1000: enp0s3 NIC Link is Up 1000 Mbps Full Duplex, Flow Control: RX
[83177.942853] e1000: enp0s3 NIC Link is Down
[83181.969154] e1000: enp0s3 NIC Link is Up 1000 Mbps Full Duplex, Flow Control: RX
[83478.544652] e1000: enp0s3 NIC Link is Down
[83480.561549] e1000: enp0s3 NIC Link is Up 1000 Mbps Full Duplex, Flow Control: RX
[83781.072350] e1000: enp0s3 NIC Link is Down
[83783.111933] e1000: enp0s3 NIC Link is Up 1000 Mbps Full Duplex, Flow Control: RX
[84082.320256] e1000: enp0s3 NIC Link is Down
[84084.337996] e1000: enp0s3 NIC Link is Up 1000 Mbps Full Duplex, Flow Control: RX
[84383.025436] e1000: enp0s3 NIC Link is Down
[84385.041588] e1000: enp0s3 NIC Link is Up 1000 Mbps Full Duplex, Flow Control: RX
[84663.440788] e1000: enp0s3 NIC Link is Down
[84667.473170] e1000: enp0s3 NIC Link is Up 1000 Mbps Full Duplex, Flow Control: RX
[84669.296399] 03:32:52.652144 timesync vgsvcTimeSyncWorker: Radical host time change: 6 513 648 000 000ns (HostNow=1 609 126 372 652 000 000 ns HostLast=1 609 119 859 004 000 000 ns)
[84679.315606] 03:33:02.673472 timesync vgsvcTimeSyncWorker: Radical guest time change: 6 513 742 757 000ns (GuestNow=1 609 126 382 673 459 000 ns GuestLast=1 609 119 868 930 702 000 ns fSetTimeLastLoop=true )
[85912.978093] e1000: enp0s3 NIC Link is Down
[85914.992695] e1000: enp0s3 NIC Link is Up 1000 Mbps Full Duplex, Flow Control: RX
[85939.234502] e1000: enp0s3 NIC Link is Down
[85943.281377] e1000: enp0s3 NIC Link is Up 1000 Mbps Full Duplex, Flow Control: RX
[85945.296373] e1000: enp0s3 NIC Link is Down
[85947.313104] e1000: enp0s3 NIC Link is Up 1000 Mbps Full Duplex, Flow Control: RX
[86244.434665] e1000: enp0s3 NIC Link is Down
[86248.520141] e1000: enp0s3 NIC Link is Up 1000 Mbps Full Duplex, Flow Control: RX
[86545.201289] e1000: enp0s3 NIC Link is Down
[86549.232808] e1000: enp0s3 NIC Link is Up 1000 Mbps Full Duplex, Flow Control: RX
[86846.384406] e1000: enp0s3 NIC Link is Down
[86850.420829] e1000: enp0s3 NIC Link is Up 1000 Mbps Full Duplex, Flow Control: RX
[87147.184874] e1000: enp0s3 NIC Link is Down
[87151.217829] e1000: enp0s3 NIC Link is Up 1000 Mbps Full Duplex, Flow Control: RX
[87448.305622] e1000: enp0s3 NIC Link is Down
[87452.336866] e1000: enp0s3 NIC Link is Up 1000 Mbps Full Duplex, Flow Control: RX
[87749.520567] e1000: enp0s3 NIC Link is Down
[87753.554799] e1000: enp0s3 NIC Link is Up 1000 Mbps Full Duplex, Flow Control: RX
[88051.883101] e1000: enp0s3 NIC Link is Down
[88053.899321] e1000: enp0s3 NIC Link is Up 1000 Mbps Full Duplex, Flow Control: RX
[88351.916748] e1000: enp0s3 NIC Link is Down
[88355.979319] e1000: enp0s3 NIC Link is Up 1000 Mbps Full Duplex, Flow Control: RX
[88652.524069] e1000: enp0s3 NIC Link is Down
[88654.599159] e1000: enp0s3 NIC Link is Up 1000 Mbps Full Duplex, Flow Control: RX
[88954.219103] e1000: enp0s3 NIC Link is Down
[88956.276914] e1000: enp0s3 NIC Link is Up 1000 Mbps Full Duplex, Flow Control: RX
[89255.851352] e1000: enp0s3 NIC Link is Down
[89257.867602] e1000: enp0s3 NIC Link is Up 1000 Mbps Full Duplex, Flow Control: RX
[89555.129989] e1000: enp0s3 NIC Link is Down
[89559.179374] e1000: enp0s3 NIC Link is Up 1000 Mbps Full Duplex, Flow Control: RX
[89856.205465] e1000: enp0s3 NIC Link is Down
[89860.235625] e1000: enp0s3 NIC Link is Up 1000 Mbps Full Duplex, Flow Control: RX
[90157.002760] e1000: enp0s3 NIC Link is Down
[90161.036038] e1000: enp0s3 NIC Link is Up 1000 Mbps Full Duplex, Flow Control: RX
[90449.957511] e1000: enp0s3 NIC Link is Down
[90451.973108] e1000: enp0s3 NIC Link is Up 1000 Mbps Full Duplex, Flow Control: RX
[90750.319579] e1000: enp0s3 NIC Link is Down
[90754.349488] e1000: enp0s3 NIC Link is Up 1000 Mbps Full Duplex, Flow Control: RX
[91051.517735] e1000: enp0s3 NIC Link is Down
[91053.551974] e1000: enp0s3 NIC Link is Up 1000 Mbps Full Duplex, Flow Control: RX
[91351.842945] e1000: enp0s3 NIC Link is Down
[91355.872828] e1000: enp0s3 NIC Link is Up 1000 Mbps Full Duplex, Flow Control: RX
[91653.852578] e1000: enp0s3 NIC Link is Down
[91655.898406] e1000: enp0s3 NIC Link is Up 1000 Mbps Full Duplex, Flow Control: RX
[91955.227836] e1000: enp0s3 NIC Link is Down
[91957.235983] e1000: enp0s3 NIC Link is Up 1000 Mbps Full Duplex, Flow Control: RX
[92256.478440] e1000: enp0s3 NIC Link is Down
[92258.493985] e1000: enp0s3 NIC Link is Up 1000 Mbps Full Duplex, Flow Control: RX
[92557.918251] e1000: enp0s3 NIC Link is Down
[92559.957509] e1000: enp0s3 NIC Link is Up 1000 Mbps Full Duplex, Flow Control: RX
[92859.313177] e1000: enp0s3 NIC Link is Down
[92861.328147] e1000: enp0s3 NIC Link is Up 1000 Mbps Full Duplex, Flow Control: RX
[93159.336374] e1000: enp0s3 NIC Link is Down
[93163.393146] e1000: enp0s3 NIC Link is Up 1000 Mbps Full Duplex, Flow Control: RX
[93461.104522] e1000: enp0s3 NIC Link is Down
[93463.129529] e1000: enp0s3 NIC Link is Up 1000 Mbps Full Duplex, Flow Control: RX
[93762.095909] e1000: enp0s3 NIC Link is Down
[93764.118579] e1000: enp0s3 NIC Link is Up 1000 Mbps Full Duplex, Flow Control: RX
[94062.751933] e1000: enp0s3 NIC Link is Down
[94066.778971] e1000: enp0s3 NIC Link is Up 1000 Mbps Full Duplex, Flow Control: RX
[94363.968430] e1000: enp0s3 NIC Link is Down
[94365.983732] e1000: enp0s3 NIC Link is Up 1000 Mbps Full Duplex, Flow Control: RX
[94664.873919] e1000: enp0s3 NIC Link is Down
[94666.890084] e1000: enp0s3 NIC Link is Up 1000 Mbps Full Duplex, Flow Control: RX
[94965.619901] e1000: enp0s3 NIC Link is Down
[94969.650626] e1000: enp0s3 NIC Link is Up 1000 Mbps Full Duplex, Flow Control: RX
[95267.101281] e1000: enp0s3 NIC Link is Down
[95269.236427] e1000: enp0s3 NIC Link is Up 1000 Mbps Full Duplex, Flow Control: RX
[95568.070240] e1000: enp0s3 NIC Link is Down
[95570.086268] e1000: enp0s3 NIC Link is Up 1000 Mbps Full Duplex, Flow Control: RX
[95869.436362] e1000: enp0s3 NIC Link is Down
[95871.455778] e1000: enp0s3 NIC Link is Up 1000 Mbps Full Duplex, Flow Control: RX
[96170.424569] e1000: enp0s3 NIC Link is Down
[96172.604635] e1000: enp0s3 NIC Link is Up 1000 Mbps Full Duplex, Flow Control: RX
[96471.651412] e1000: enp0s3 NIC Link is Down
[96473.666140] e1000: enp0s3 NIC Link is Up 1000 Mbps Full Duplex, Flow Control: RX
[96772.012979] e1000: enp0s3 NIC Link is Down
[96774.027712] e1000: enp0s3 NIC Link is Up 1000 Mbps Full Duplex, Flow Control: RX
[97072.503060] e1000: enp0s3 NIC Link is Down
[97076.532722] e1000: enp0s3 NIC Link is Up 1000 Mbps Full Duplex, Flow Control: RX
[97374.271164] e1000: enp0s3 NIC Link is Down
[97376.287036] e1000: enp0s3 NIC Link is Up 1000 Mbps Full Duplex, Flow Control: RX
[97669.168360] e1000: enp0s3 NIC Link is Down
[97673.194850] e1000: enp0s3 NIC Link is Up 1000 Mbps Full Duplex, Flow Control: RX
[97677.388253] e1000: enp0s3 NIC Link is Down
[97679.460285] e1000: enp0s3 NIC Link is Up 1000 Mbps Full Duplex, Flow Control: RX
[97978.129695] e1000: enp0s3 NIC Link is Down
[97982.160353] e1000: enp0s3 NIC Link is Up 1000 Mbps Full Duplex, Flow Control: RX
[98217.490691] e1000: enp0s3 NIC Link is Down
[98219.513310] e1000: enp0s3 NIC Link is Up 1000 Mbps Full Duplex, Flow Control: RX
[98516.456272] e1000: enp0s3 NIC Link is Down
[98520.601212] e1000: enp0s3 NIC Link is Up 1000 Mbps Full Duplex, Flow Control: RX
[98817.422577] e1000: enp0s3 NIC Link is Down
[98821.452462] e1000: enp0s3 NIC Link is Up 1000 Mbps Full Duplex, Flow Control: RX
[99117.880022] e1000: enp0s3 NIC Link is Down
[99121.911315] e1000: enp0s3 NIC Link is Up 1000 Mbps Full Duplex, Flow Control: RX
[99418.817134] e1000: enp0s3 NIC Link is Down
[99422.939091] e1000: enp0s3 NIC Link is Up 1000 Mbps Full Duplex, Flow Control: RX
[99719.850529] e1000: enp0s3 NIC Link is Down
[99723.881378] e1000: enp0s3 NIC Link is Up 1000 Mbps Full Duplex, Flow Control: RX
[100022.515363] e1000: enp0s3 NIC Link is Down
[100024.545585] e1000: enp0s3 NIC Link is Up 1000 Mbps Full Duplex, Flow Control: RX
[100323.388702] e1000: enp0s3 NIC Link is Down
[100325.403918] e1000: enp0s3 NIC Link is Up 1000 Mbps Full Duplex, Flow Control: RX
[100624.119555] e1000: enp0s3 NIC Link is Down
[100628.165368] e1000: enp0s3 NIC Link is Up 1000 Mbps Full Duplex, Flow Control: RX
[100926.095653] e1000: enp0s3 NIC Link is Down
[100928.114019] e1000: enp0s3 NIC Link is Up 1000 Mbps Full Duplex, Flow Control: RX
[101227.289299] e1000: enp0s3 NIC Link is Down
[101229.304735] e1000: enp0s3 NIC Link is Up 1000 Mbps Full Duplex, Flow Control: RX
[101324.170515] e1000: enp0s3 NIC Link is Down
[101328.228402] e1000: enp0s3 NIC Link is Up 1000 Mbps Full Duplex, Flow Control: RX
[101330.797514] 09:30:36.563182 timesync vgsvcTimeSyncWorker: Radical host time change: 4 239 662 000 000ns (HostNow=1 609 147 836 563 000 000 ns HostLast=1 609 143 596 901 000 000 ns)
[101340.800114] 09:30:46.566442 timesync vgsvcTimeSyncWorker: Radical guest time change: 4 806 833 896 000ns (GuestNow=1 609 147 846 566 426 000 ns GuestLast=1 609 143 039 732 530 000 ns fSetTimeLastLoop=true )
[101616.709374] e1000: enp0s3 NIC Link is Down
[101620.741290] e1000: enp0s3 NIC Link is Up 1000 Mbps Full Duplex, Flow Control: RX
[101919.312463] e1000: enp0s3 NIC Link is Down
[101921.328287] e1000: enp0s3 NIC Link is Up 1000 Mbps Full Duplex, Flow Control: RX
[102219.525033] e1000: enp0s3 NIC Link is Down
[102221.542229] e1000: enp0s3 NIC Link is Up 1000 Mbps Full Duplex, Flow Control: RX
[102520.581177] e1000: enp0s3 NIC Link is Down
[102522.597435] e1000: enp0s3 NIC Link is Up 1000 Mbps Full Duplex, Flow Control: RX
[102633.817070] kauditd_printk_skb: 30 callbacks suppressed
[102633.817072] audit: type=1400 audit(1609149139.583:42): apparmor="DENIED" operation="mknod" profile="/usr/bin/evince-thumbnailer" name="/home/km/.thumbnails/normal/530f6bd3dc81b5948b1fb43021a25078.png" pid=16511 comm="evince-thumbnai" requested_mask="c" denied_mask="c" fsuid=1000 ouid=1000
[102652.130876] audit: type=1400 audit(1609149157.895:43): apparmor="DENIED" operation="mknod" profile="/usr/bin/evince-thumbnailer" name="/home/km/.thumbnails/normal/c0c8a54cc4feb15cfb62e24a2a2c1ecb.png" pid=16526 comm="evince-thumbnai" requested_mask="c" denied_mask="c" fsuid=1000 ouid=1000
[102652.214074] audit: type=1400 audit(1609149157.979:44): apparmor="DENIED" operation="mknod" profile="/usr/bin/evince-thumbnailer" name="/home/km/.thumbnails/normal/f521a92c0c4789f8ca77dee3baf2eb15.png" pid=16530 comm="evince-thumbnai" requested_mask="c" denied_mask="c" fsuid=1000 ouid=1000
[102820.932955] e1000: enp0s3 NIC Link is Down
[102825.137273] e1000: enp0s3 NIC Link is Up 1000 Mbps Full Duplex, Flow Control: RX
[102908.056815] audit: type=1400 audit(1609149413.824:45): apparmor="DENIED" operation="mknod" profile="/usr/bin/evince-thumbnailer" name="/home/km/.thumbnails/normal/1f2b73e143aa19c983557920006f70a5.png" pid=16601 comm="evince-thumbnai" requested_mask="c" denied_mask="c" fsuid=1000 ouid=1000
[102908.231462] audit: type=1400 audit(1609149413.996:46): apparmor="DENIED" operation="mknod" profile="/usr/bin/evince-thumbnailer" name="/home/km/.thumbnails/normal/bea47ab5349404d90e5f589e87718e61.png" pid=16605 comm="evince-thumbnai" requested_mask="c" denied_mask="c" fsuid=1000 ouid=1000
[102910.574946] audit: type=1400 audit(1609149416.341:47): apparmor="DENIED" operation="mknod" profile="/usr/bin/evince-thumbnailer" name="/home/km/.thumbnails/normal/9daabd9f7143715d2883a6661178e261.png" pid=16609 comm="evince-thumbnai" requested_mask="c" denied_mask="c" fsuid=1000 ouid=1000
[102912.879031] audit: type=1400 audit(1609149418.646:48): apparmor="DENIED" operation="mknod" profile="/usr/bin/evince-thumbnailer" name="/home/km/.thumbnails/normal/c0b9b62b915c468a0305fff6efa780b0.png" pid=16613 comm="evince-thumbnai" requested_mask="c" denied_mask="c" fsuid=1000 ouid=1000
[103016.996470] audit: type=1400 audit(1609149522.814:49): apparmor="DENIED" operation="mknod" profile="/usr/bin/evince-thumbnailer" name="/home/km/.thumbnails/normal/1f2b73e143aa19c983557920006f70a5.png" pid=16622 comm="evince-thumbnai" requested_mask="c" denied_mask="c" fsuid=1000 ouid=1000
[103017.120648] audit: type=1400 audit(1609149522.938:50): apparmor="DENIED" operation="mknod" profile="/usr/bin/evince-thumbnailer" name="/home/km/.thumbnails/normal/bea47ab5349404d90e5f589e87718e61.png" pid=16626 comm="evince-thumbnai" requested_mask="c" denied_mask="c" fsuid=1000 ouid=1000
[103019.117973] audit: type=1400 audit(1609149524.939:51): apparmor="DENIED" operation="mknod" profile="/usr/bin/evince-thumbnailer" name="/home/km/.thumbnails/normal/9daabd9f7143715d2883a6661178e261.png" pid=16630 comm="evince-thumbnai" requested_mask="c" denied_mask="c" fsuid=1000 ouid=1000
[103021.290063] audit: type=1400 audit(1609149527.109:52): apparmor="DENIED" operation="mknod" profile="/usr/bin/evince-thumbnailer" name="/home/km/.thumbnails/normal/c0b9b62b915c468a0305fff6efa780b0.png" pid=16635 comm="evince-thumbnai" requested_mask="c" denied_mask="c" fsuid=1000 ouid=1000
